Archive member included to satisfy reference by file (symbol)

NuttX/nuttx/arch/arm/src/libarch.a(arm_vectors.o)
                              (_vectors)
NuttX/nuttx/arch/arm/src/libarch.a(arm_exception.o)
                              NuttX/nuttx/arch/arm/src/libarch.a(arm_vectors.o) (exception_common)
NuttX/nuttx/arch/arm/src/libarch.a(stm32_start.o)
                              NuttX/nuttx/arch/arm/src/libarch.a(arm_vectors.o) (__start)
NuttX/nuttx/arch/arm/src/libarch.a(stm32_rcc.o)
                              NuttX/nuttx/arch/arm/src/libarch.a(stm32_start.o) (stm32_clockconfig)
NuttX/nuttx/arch/arm/src/libarch.a(stm32_lowputc.o)
                              NuttX/nuttx/arch/arm/src/libarch.a(stm32_start.o) (stm32_lowsetup)
NuttX/nuttx/arch/arm/src/libarch.a(stm32_pwr.o)
                              NuttX/nuttx/arch/arm/src/libarch.a(stm32_rcc.o) (stm32_pwr_initbkp)
NuttX/nuttx/arch/arm/src/libarch.a(arm_modifyreg32.o)
                              NuttX/nuttx/arch/arm/src/libarch.a(stm32_pwr.o) (modifyreg32)
NuttX/nuttx/arch/arm/src/libarch.a(arm_udelay.o)
                              NuttX/nuttx/arch/arm/src/libarch.a(stm32_pwr.o) (up_udelay)
NuttX/nuttx/arch/arm/src/libarch.a(arm_cache.o)
                              NuttX/nuttx/arch/arm/src/libarch.a(stm32_start.o) (up_enable_icache)
NuttX/nuttx/arch/arm/src/libarch.a(arm_doirq.o)
                              NuttX/nuttx/arch/arm/src/libarch.a(arm_exception.o) (arm_doirq)
NuttX/nuttx/arch/arm/src/libarch.a(arm_fpuconfig.o)
                              NuttX/nuttx/arch/arm/src/libarch.a(stm32_start.o) (arm_fpuconfig)
NuttX/nuttx/arch/arm/src/libarch.a(stm32_irq.o)
                              NuttX/nuttx/arch/arm/src/libarch.a(arm_doirq.o) (arm_ack_irq)
NuttX/nuttx/arch/arm/src/libarch.a(arm_hardfault.o)
                              NuttX/nuttx/arch/arm/src/libarch.a(stm32_irq.o) (arm_hardfault)
NuttX/nuttx/arch/arm/src/libarch.a(arm_svcall.o)
                              NuttX/nuttx/arch/arm/src/libarch.a(stm32_irq.o) (arm_svcall)
NuttX/nuttx/libs/libc/libc.a(arch_memcpy.o)
                              NuttX/nuttx/arch/arm/src/libarch.a(arm_svcall.o) (memcpy)
NuttX/nuttx/libs/libc/libc.a(lib_assert.o)
                              NuttX/nuttx/arch/arm/src/libarch.a(arm_hardfault.o) (_assert)
NuttX/nuttx/libs/libc/libc.a(lib_abort.o)
                              (abort)
NuttX/nuttx/libs/libc/libc.a(lib_exit.o)
                              NuttX/nuttx/libs/libc/libc.a(lib_assert.o) (exit)
boards/hkust/nxt-dual/src/libdrivers_board.a(bootloader_main.c.obj)
                              NuttX/nuttx/arch/arm/src/libarch.a(stm32_start.o) (stm32_boardinitialize)
boards/hkust/nxt-dual/src/libdrivers_board.a(usb.c.obj)
                              boards/hkust/nxt-dual/src/libdrivers_board.a(bootloader_main.c.obj) (stm32_usbinitialize)
NuttX/nuttx/sched/libsched.a(nx_start.o)
                              NuttX/nuttx/arch/arm/src/libarch.a(stm32_start.o) (nx_start)
NuttX/nuttx/sched/libsched.a(nx_bringup.o)
                              NuttX/nuttx/sched/libsched.a(nx_start.o) (nx_bringup)
NuttX/nuttx/sched/libsched.a(irq_attach.o)
                              NuttX/nuttx/arch/arm/src/libarch.a(stm32_irq.o) (irq_attach)
NuttX/nuttx/sched/libsched.a(irq_dispatch.o)
                              NuttX/nuttx/arch/arm/src/libarch.a(arm_doirq.o) (irq_dispatch)
NuttX/nuttx/sched/libsched.a(irq_unexpectedisr.o)
                              NuttX/nuttx/sched/libsched.a(irq_attach.o) (irq_unexpected_isr)
NuttX/nuttx/sched/libsched.a(sched_lock.o)
                              NuttX/nuttx/sched/libsched.a(nx_start.o) (sched_lock)
NuttX/nuttx/sched/libsched.a(sched_unlock.o)
                              NuttX/nuttx/sched/libsched.a(nx_start.o) (sched_unlock)
NuttX/nuttx/sched/libsched.a(task_create.o)
                              NuttX/nuttx/sched/libsched.a(nx_bringup.o) (nxtask_create)
NuttX/nuttx/sched/libsched.a(task_init.o)
                              NuttX/nuttx/sched/libsched.a(task_create.o) (nxtask_init)
NuttX/nuttx/sched/libsched.a(task_setup.o)
                              NuttX/nuttx/sched/libsched.a(task_init.o) (nxtask_setup_scheduler)
NuttX/nuttx/sched/libsched.a(task_activate.o)
                              NuttX/nuttx/sched/libsched.a(task_create.o) (nxtask_activate)
NuttX/nuttx/sched/libsched.a(task_start.o)
                              NuttX/nuttx/sched/libsched.a(task_init.o) (nxtask_start)
NuttX/nuttx/sched/libsched.a(exit.o)
                              NuttX/nuttx/libs/libc/libc.a(lib_exit.o) (_exit)
NuttX/nuttx/sched/libsched.a(tls_initinfo.o)
                              NuttX/nuttx/sched/libsched.a(nx_start.o) (tls_init_info)
NuttX/nuttx/sched/libsched.a(group_create.o)
                              NuttX/nuttx/sched/libsched.a(nx_start.o) (group_allocate)
NuttX/nuttx/sched/libsched.a(group_leave.o)
                              NuttX/nuttx/sched/libsched.a(task_init.o) (group_leave)
[...]
Memory Configuration

Name             Origin             Length             Attributes
itcm             0x0000000000000000 0x0000000000010000 xrw
flash            0x0000000008000000 0x0000000000200000 xr
dtcm1            0x0000000020000000 0x0000000000010000 xrw
dtcm2            0x0000000020010000 0x0000000000010000 xrw
sram             0x0000000024000000 0x0000000000080000 xrw
sram1            0x0000000030000000 0x0000000000020000 xrw
sram2            0x0000000030020000 0x0000000000020000 xrw
sram3            0x0000000030040000 0x0000000000008000 xrw
sram4            0x0000000038000000 0x0000000000010000 xrw
bbram            0x0000000038800000 0x0000000000001000 xrw
*default*        0x0000000000000000 0xffffffffffffffff

Linker script and memory map

LOAD platforms/nuttx/CMakeFiles/px4.dir/__/common/empty.c.obj

.text           0x0000000008000000     0xa884
                0x0000000008000000                _stext = ABSOLUTE (.)
 *(.vectors)
 .vectors       0x0000000008000000      0x298 NuttX/nuttx/arch/arm/src/libarch.a(arm_vectors.o)
                0x0000000008000000                _vectors
                0x00000000080002a0                . = ALIGN (0x20)
 *fill*         0x0000000008000298        0x8 
                0x00000000080002a0                _bootdelay_signature = ABSOLUTE (.)
 FILL mask 0xffecc2925d7d05c5
                0x00000000080002a8                . = (. + 0x8)
 *fill*         0x00000000080002a0        0x8 ffecc2925d7d05c5
 *(.text .text.*)
 .text.exception_common
                0x00000000080002a8       0x5c NuttX/nuttx/arch/arm/src/libarch.a(arm_exception.o)
                0x00000000080002a8                exception_common
 .text.__start  0x0000000008000304       0x78 NuttX/nuttx/arch/arm/src/libarch.a(stm32_start.o)
                0x0000000008000304                __start
 .text.stm32_stdclockconfig
                0x000000000800037c      0x1a4 NuttX/nuttx/arch/arm/src/libarch.a(stm32_rcc.o)
                0x000000000800037c                stm32_stdclockconfig
 .text.stm32_clockconfig
                0x0000000008000520       0xb8 NuttX/nuttx/arch/arm/src/libarch.a(stm32_rcc.o)
                0x0000000008000520                stm32_clockconfig
 .text.stm32_lowsetup
                0x00000000080005d8        0x2 NuttX/nuttx/arch/arm/src/libarch.a(stm32_lowputc.o)
                0x00000000080005d8                stm32_lowsetup
 *fill*         0x00000000080005da        0x2 ffecc2925d7d05c5
 .text.stm32_pwr_enablebkp
                0x00000000080005dc       0x7c NuttX/nuttx/arch/arm/src/libarch.a(stm32_pwr.o)
                0x00000000080005dc                stm32_pwr_enablebkp
 .text.stm32_pwr_initbkp
                0x0000000008000658       0x38 NuttX/nuttx/arch/arm/src/libarch.a(stm32_pwr.o)
                0x0000000008000658                stm32_pwr_initbkp
 .text.modifyreg32
                0x0000000008000690       0x2a NuttX/nuttx/arch/arm/src/libarch.a(arm_modifyreg32.o)
                0x0000000008000690                modifyreg32
 *fill*         0x00000000080006ba        0x2 ffecc2925d7d05c5
 .text.up_udelay
                0x00000000080006bc       0x7c NuttX/nuttx/arch/arm/src/libarch.a(arm_udelay.o)
                0x00000000080006bc                up_udelay
 .text.up_enable_icache
                0x0000000008000738       0x2c NuttX/nuttx/arch/arm/src/libarch.a(arm_cache.o)
                0x0000000008000738                up_enable_icache
 .text.arm_doirq
                0x0000000008000764       0x30 NuttX/nuttx/arch/arm/src/libarch.a(arm_doirq.o)
                0x0000000008000764                arm_doirq
 .text.arm_fpuconfig
                0x0000000008000794       0x2c NuttX/nuttx/arch/arm/src/libarch.a(arm_fpuconfig.o)
                0x0000000008000794                arm_fpuconfig
 .text.stm32_irqinfo
                0x00000000080007c0       0xb4 NuttX/nuttx/arch/arm/src/libarch.a(stm32_irq.o)
 .text.up_irqinitialize
                0x0000000008000874       0x9c NuttX/nuttx/arch/arm/src/libarch.a(stm32_irq.o)
                0x0000000008000874                up_irqinitialize
 .text.up_disable_irq
                0x0000000008000910       0x28 NuttX/nuttx/arch/arm/src/libarch.a(stm32_irq.o)
                0x0000000008000910                up_disable_irq
 .text.up_enable_irq
                0x0000000008000938       0x26 NuttX/nuttx/arch/arm/src/libarch.a(stm32_irq.o)
                0x0000000008000938                up_enable_irq
 .text.arm_ack_irq
                0x000000000800095e        0x2 NuttX/nuttx/arch/arm/src/libarch.a(stm32_irq.o)
                0x000000000800095e                arm_ack_irq
 .text.arm_hardfault
                0x0000000008000960       0x34 NuttX/nuttx/arch/arm/src/libarch.a(arm_hardfault.o)
                0x0000000008000960                arm_hardfault
 .text.arm_svcall
                0x0000000008000994       0x30 NuttX/nuttx/arch/arm/src/libarch.a(arm_svcall.o)
                0x0000000008000994                arm_svcall
 *fill*         0x00000000080009c4        0xc ffecc2925d7d05c5
 .text.memcpy   0x00000000080009d0      0x230 NuttX/nuttx/libs/libc/libc.a(arch_memcpy.o)
                0x00000000080009f0                memcpy
 .text._assert  0x0000000008000c00        0xc NuttX/nuttx/libs/libc/libc.a(lib_assert.o)
                0x0000000008000c00                _assert
 .text.unlikely.abort
                0x0000000008000c0c        0x8 NuttX/nuttx/libs/libc/libc.a(lib_abort.o)
                0x0000000008000c0c                abort
 .text.exit     0x0000000008000c14        0x6 NuttX/nuttx/libs/libc/libc.a(lib_exit.o)
                0x0000000008000c14                exit
 .text.board_on_reset
                0x0000000008000c1a        0x2 boards/hkust/nxt-dual/src/libdrivers_board.a(bootloader_main.c.obj)
                0x0000000008000c1a                board_on_reset
 .text.stm32_boardinitialize
                0x0000000008000c1c        0x4 boards/hkust/nxt-dual/src/libdrivers_board.a(bootloader_main.c.obj)
                0x0000000008000c1c                stm32_boardinitialize
 .text.board_app_initialize
                0x0000000008000c20        0x4 boards/hkust/nxt-dual/src/libdrivers_board.a(bootloader_main.c.obj)
                0x0000000008000c20                board_app_initialize
 .text.board_late_initialize
                0x0000000008000c24        0x8 boards/hkust/nxt-dual/src/libdrivers_board.a(bootloader_main.c.obj)
                0x0000000008000c24                board_late_initialize
 .text.board_timerhook
                0x0000000008000c2c        0x4 boards/hkust/nxt-dual/src/libdrivers_board.a(bootloader_main.c.obj)
                0x0000000008000c2c                board_timerhook
 .text.stm32_usbinitialize
                0x0000000008000c30        0xc boards/hkust/nxt-dual/src/libdrivers_board.a(usb.c.obj)
                0x0000000008000c30                stm32_usbinitialize
 .text.stm32_usbsuspend
                0x0000000008000c3c        0x2 boards/hkust/nxt-dual/src/libdrivers_board.a(usb.c.obj)
                0x0000000008000c3c                stm32_usbsuspend
 *fill*         0x0000000008000c3e        0x2 ffecc2925d7d05c5
 .text.nx_start
                0x0000000008000c40      0x128 NuttX/nuttx/sched/libsched.a(nx_start.o)
                0x0000000008000c40                nx_start
 .text.nx_start_task
                0x0000000008000d68       0x28 NuttX/nuttx/sched/libsched.a(nx_bringup.o)
 .text.nx_bringup
                0x0000000008000d90       0x24 NuttX/nuttx/sched/libsched.a(nx_bringup.o)
                0x0000000008000d90                nx_bringup
 .text.irq_attach
                0x0000000008000db4       0x50 NuttX/nuttx/sched/libsched.a(irq_attach.o)
                0x0000000008000db4                irq_attach
 .text.irq_dispatch
                0x0000000008000e04       0x3c NuttX/nuttx/sched/libsched.a(irq_dispatch.o)
                0x0000000008000e04                irq_dispatch
 .text.irq_unexpected_isr
                0x0000000008000e40       0x24 NuttX/nuttx/sched/libsched.a(irq_unexpectedisr.o)
                0x0000000008000e40                irq_unexpected_isr
 .text.sched_lock
                0x0000000008000e64       0x20 NuttX/nuttx/sched/libsched.a(sched_lock.o)
                0x0000000008000e64                sched_lock
 .text.sched_unlock
                0x0000000008000e84       0x5c NuttX/nuttx/sched/libsched.a(sched_unlock.o)
                0x0000000008000e84                sched_unlock
 .text.nxthread_create
                0x0000000008000ee0       0x52 NuttX/nuttx/sched/libsched.a(task_create.o)
 .text.nxtask_create
                0x0000000008000f32       0x18 NuttX/nuttx/sched/libsched.a(task_create.o)
                0x0000000008000f32                nxtask_create
 .text.kthread_create_with_stack
                0x0000000008000f4a       0x1a NuttX/nuttx/sched/libsched.a(task_create.o)
                0x0000000008000f4a                kthread_create_with_stack
 .text.kthread_create
                0x0000000008000f64       0x14 NuttX/nuttx/sched/libsched.a(task_create.o)
                0x0000000008000f64                kthread_create
 .text.nxtask_init
                0x0000000008000f78       0xa0 NuttX/nuttx/sched/libsched.a(task_init.o)
                0x0000000008000f78                nxtask_init
 .text.nxtask_setup_scheduler
                0x0000000008001018      0x12c NuttX/nuttx/sched/libsched.a(task_setup.o)
                0x0000000008001018                nxtask_setup_scheduler
 .text.nxtask_setup_arguments
                0x0000000008001144       0xd8 NuttX/nuttx/sched/libsched.a(task_setup.o)
                0x0000000008001144                nxtask_setup_arguments
 .text.nxtask_activate
                0x000000000800121c       0x24 NuttX/nuttx/sched/libsched.a(task_activate.o)
                0x000000000800121c                nxtask_activate
 .text.nxtask_start
                0x0000000008001240       0x54 NuttX/nuttx/sched/libsched.a(task_start.o)
                0x0000000008001240                nxtask_start
 .text._exit    0x0000000008001294       0x1c NuttX/nuttx/sched/libsched.a(exit.o)
                0x0000000008001294                _exit
 .text.tls_init_info
                0x00000000080012b0       0x1c NuttX/nuttx/sched/libsched.a(tls_initinfo.o)
                0x00000000080012b0                tls_init_info
 .text.group_allocate
                0x00000000080012cc       0x3c NuttX/nuttx/sched/libsched.a(group_create.o)
                0x00000000080012cc                group_allocate
 .text.group_initialize
                0x0000000008001308        0xc NuttX/nuttx/sched/libsched.a(group_create.o)
                0x0000000008001308                group_initialize
 .text.group_leave
                0x0000000008001314       0x3a NuttX/nuttx/sched/libsched.a(group_leave.o)
                0x0000000008001314                group_leave
 .text.group_setupidlefiles
                0x000000000800134e        0x4 NuttX/nuttx/sched/libsched.a(group_setupidlefiles.o)
                0x000000000800134e                group_setupidlefiles
 .text.group_setuptaskfiles
                0x0000000008001352        0x4 NuttX/nuttx/sched/libsched.a(group_setuptaskfiles.o)
                0x0000000008001352                group_setuptaskfiles
 *fill*         0x0000000008001356        0x2 ffecc2925d7d05c5
 .text.irq_initialize
                0x0000000008001358       0x1c NuttX/nuttx/sched/libsched.a(irq_initialize.o)
                0x0000000008001358                irq_initialize
 .text.nxsched_release_tcb
                0x0000000008001374       0x5c NuttX/nuttx/sched/libsched.a(sched_releasetcb.o)
                0x0000000008001374                nxsched_release_tcb
 .text.nxsig_procmask
                0x00000000080013d0       0x70 NuttX/nuttx/sched/libsched.a(sig_procmask.o)
                0x00000000080013d0                nxsig_procmask
 .text.nxsig_unmask_pendingsignal
                0x0000000008001440       0x68 NuttX/nuttx/sched/libsched.a(sig_unmaskpendingsignal.o)
                0x0000000008001440                nxsig_unmask_pendingsignal
 .text.nxsig_remove_pendingsignal
                0x00000000080014a8       0x48 NuttX/nuttx/sched/libsched.a(sig_removependingsignal.o)
                0x00000000080014a8                nxsig_remove_pendingsignal
 .text.nxsig_release_pendingsignal
                0x00000000080014f0       0x5c NuttX/nuttx/sched/libsched.a(sig_releasependingsignal.o)
                0x00000000080014f0                nxsig_release_pendingsignal
 .text.nxsig_lowest
                0x000000000800154c       0x1e NuttX/nuttx/sched/libsched.a(sig_lowest.o)
                0x000000000800154c                nxsig_lowest
 .text.nxsig_cleanup
                0x000000000800156a       0x32 NuttX/nuttx/sched/libsched.a(sig_cleanup.o)
                0x000000000800156a                nxsig_cleanup
 .text.nxsig_release
                0x000000000800159c       0x28 NuttX/nuttx/sched/libsched.a(sig_cleanup.o)
                0x000000000800159c                nxsig_release
 .text.nxsig_tcbdispatch
                0x00000000080015c4      0x204 NuttX/nuttx/sched/libsched.a(sig_dispatch.o)
                0x00000000080015c4                nxsig_tcbdispatch
 .text.nxsig_dispatch
                0x00000000080017c8       0x20 NuttX/nuttx/sched/libsched.a(sig_dispatch.o)
                0x00000000080017c8                nxsig_dispatch
 .text.nxsig_deliver
                0x00000000080017e8       0xe0 NuttX/nuttx/sched/libsched.a(sig_deliver.o)
                0x00000000080017e8                nxsig_deliver
 .text.nxsig_null_action
                0x00000000080018c8        0x2 NuttX/nuttx/sched/libsched.a(sig_default.o)
 *fill*         0x00000000080018ca        0x2 ffecc2925d7d05c5
 .text.nxsig_stop_task
                0x00000000080018cc       0x1c NuttX/nuttx/sched/libsched.a(sig_default.o)
 .text.nxsig_abnormal_termination
                0x00000000080018e8       0x10 NuttX/nuttx/sched/libsched.a(sig_default.o)
 .text.nxsig_isdefault
                0x00000000080018f8       0x14 NuttX/nuttx/sched/libsched.a(sig_default.o)
                0x00000000080018f8                nxsig_isdefault
 .text.nxsig_iscatchable
                0x000000000800190c       0x28 NuttX/nuttx/sched/libsched.a(sig_default.o)
                0x000000000800190c                nxsig_iscatchable
 .text.nxsig_default
                0x0000000008001934       0x78 NuttX/nuttx/sched/libsched.a(sig_default.o)
                0x0000000008001934                nxsig_default
 .text.nxsig_default_initialize
                0x00000000080019ac       0x50 NuttX/nuttx/sched/libsched.a(sig_default.o)
                0x00000000080019ac                nxsig_default_initialize
 .text.nxtask_exithook
                0x00000000080019fc       0x38 NuttX/nuttx/sched/libsched.a(task_exithook.o)
                0x00000000080019fc                nxtask_exithook
 .text.nxtask_recover
                0x0000000008001a34       0x12 NuttX/nuttx/sched/libsched.a(task_recover.o)
                0x0000000008001a34                nxtask_recover
 .text.task_init_info
                0x0000000008001a46       0x22 NuttX/nuttx/sched/libsched.a(task_initinfo.o)
                0x0000000008001a46                task_init_info
 .text.task_uninit_info
                0x0000000008001a68       0x14 NuttX/nuttx/sched/libsched.a(task_uninitinfo.o)
                0x0000000008001a68                task_uninit_info
 .text.wd_recover
                0x0000000008001a7c        0x6 NuttX/nuttx/sched/libsched.a(wd_recover.o)
                0x0000000008001a7c                wd_recover
 .text.group_setupstreams
                0x0000000008001a82       0x30 NuttX/nuttx/sched/libsched.a(group_setupstreams.o)
                0x0000000008001a82                group_setupstreams
 *fill*         0x0000000008001ab2        0x2 ffecc2925d7d05c5
 .text.nxsched_get_tcb
                0x0000000008001ab4       0x4c NuttX/nuttx/sched/libsched.a(sched_gettcb.o)
                0x0000000008001ab4                nxsched_get_tcb
 .text.nxsched_suspend
                0x0000000008001b00       0x42 NuttX/nuttx/sched/libsched.a(sched_suspend.o)
                0x0000000008001b00                nxsched_suspend
 .text.nxsched_continue
                0x0000000008001b42       0x24 NuttX/nuttx/sched/libsched.a(sched_continue.o)
                0x0000000008001b42                nxsched_continue
 .text.nxsem_destroy
                0x0000000008001b66       0x16 NuttX/nuttx/sched/libsched.a(sem_destroy.o)
                0x0000000008001b66                nxsem_destroy
 .text.sem_destroy
                0x0000000008001b7c       0x1a NuttX/nuttx/sched/libsched.a(sem_destroy.o)
                0x0000000008001b7c                sem_destroy
 .text.nxsem_recover
                0x0000000008001b96       0x32 NuttX/nuttx/sched/libsched.a(sem_recover.o)
                0x0000000008001b96                nxsem_recover
 .text.nxsem_wait_irq
                0x0000000008001bc8       0x3a NuttX/nuttx/sched/libsched.a(sem_waitirq.o)
                0x0000000008001bc8                nxsem_wait_irq
 *fill*         0x0000000008001c02        0x2 ffecc2925d7d05c5
 .text.nxsig_initialize
                0x0000000008001c04       0xbc NuttX/nuttx/sched/libsched.a(sig_initialize.o)
                0x0000000008001c04                nxsig_initialize
 .text.nxsig_release_action
                0x0000000008001cc0       0x2c NuttX/nuttx/sched/libsched.a(sig_action.o)
                0x0000000008001cc0                nxsig_release_action
 .text.nxsig_action
                0x0000000008001cec      0x168 NuttX/nuttx/sched/libsched.a(sig_action.o)
                0x0000000008001cec                nxsig_action
 .text.nxsig_pendingset
                0x0000000008001e54       0x38 NuttX/nuttx/sched/libsched.a(sig_pending.o)
                0x0000000008001e54                nxsig_pendingset
 .text.nxsig_find_action
                0x0000000008001e8c       0x22 NuttX/nuttx/sched/libsched.a(sig_findaction.o)
                0x0000000008001e8c                nxsig_find_action
 *fill*         0x0000000008001eae        0x2 ffecc2925d7d05c5
 .text.nxsig_alloc_pendingsigaction
                0x0000000008001eb0       0x58 NuttX/nuttx/sched/libsched.a(sig_allocpendingsigaction.o)
                0x0000000008001eb0                nxsig_alloc_pendingsigaction
 .text.nxsig_release_pendingsigaction
                0x0000000008001f08       0x5c NuttX/nuttx/sched/libsched.a(sig_releasependingsigaction.o)
                0x0000000008001f08                nxsig_release_pendingsigaction
 .text.wd_cancel
                0x0000000008001f64       0x68 NuttX/nuttx/sched/libsched.a(wd_cancel.o)
                0x0000000008001f64                wd_cancel
 .text.nxsched_add_blocked
                0x0000000008001fcc       0x28 NuttX/nuttx/sched/libsched.a(sched_addblocked.o)
                0x0000000008001fcc                nxsched_add_blocked
 .text.nxsched_remove_blocked
                0x0000000008001ff4       0x1c NuttX/nuttx/sched/libsched.a(sched_removeblocked.o)
                0x0000000008001ff4                nxsched_remove_blocked
 .text.nxsched_add_prioritized
                0x0000000008002010       0x48 NuttX/nuttx/sched/libsched.a(sched_addprioritized.o)
                0x0000000008002010                nxsched_add_prioritized
 .text.binfmt_initialize
                0x0000000008002058        0x2 NuttX/nuttx/binfmt/libbinfmt.a(binfmt_initialize.o)
                0x0000000008002058                binfmt_initialize
 *fill*         0x000000000800205a        0x2 ffecc2925d7d05c5
 .text.sercon_main
                0x000000000800205c       0x60 NuttX/apps/libapps.a(cdcacm_main.c.home.patrick.Nxt-FC.PX4-Autopilot.platforms.nuttx.NuttX.apps.system.cdcacm.o)
                0x000000000800205c                sercon_main
 .text.up_allocate_heap
                0x00000000080020bc       0x18 NuttX/nuttx/arch/arm/src/libarch.a(stm32_allocateheap.o)
                0x00000000080020bc                up_allocate_heap
 .text.stm32_gpiowrite
                0x00000000080020d4       0x2c NuttX/nuttx/arch/arm/src/libarch.a(stm32_gpio.o)
                0x00000000080020d4                stm32_gpiowrite
 .text.stm32_configgpio
                0x0000000008002100      0x1c4 NuttX/nuttx/arch/arm/src/libarch.a(stm32_gpio.o)
                0x0000000008002100                stm32_configgpio
 .text.stm32_unconfiggpio
                0x00000000080022c4        0x6 NuttX/nuttx/arch/arm/src/libarch.a(stm32_gpio.o)
                0x00000000080022c4                stm32_unconfiggpio
 *fill*         0x00000000080022ca        0x2 ffecc2925d7d05c5
 .text.stm32_gpioread
                0x00000000080022cc       0x34 NuttX/nuttx/arch/arm/src/libarch.a(stm32_gpio.o)
                0x00000000080022cc                stm32_gpioread
 .text.up_assert
                0x0000000008002300       0x4c NuttX/nuttx/arch/arm/src/libarch.a(arm_assert.o)
                0x0000000008002300                up_assert
 .text.up_block_task
                0x000000000800234c       0x58 NuttX/nuttx/arch/arm/src/libarch.a(arm_blocktask.o)
                0x000000000800234c                up_block_task
 .text.up_create_stack
                0x00000000080023a4       0x4c NuttX/nuttx/arch/arm/src/libarch.a(arm_createstack.o)
                0x00000000080023a4                up_create_stack
 .text.up_exit  0x00000000080023f0       0x2c NuttX/nuttx/arch/arm/src/libarch.a(arm_exit.o)
                0x00000000080023f0                up_exit
 .text.arm_fullcontextrestore
                0x000000000800241c        0xc NuttX/nuttx/arch/arm/src/libarch.a(arm_fullcontextrestore.o)
                0x000000000800241c                arm_fullcontextrestore
 .text.up_initialize
                0x0000000008002428       0x30 NuttX/nuttx/arch/arm/src/libarch.a(arm_initialize.o)
                0x0000000008002428                up_initialize
 .text.up_release_pending
                0x0000000008002458       0x34 NuttX/nuttx/arch/arm/src/libarch.a(arm_releasepending.o)
                0x0000000008002458                up_release_pending
 .text.up_release_stack
                0x000000000800248c       0x24 NuttX/nuttx/arch/arm/src/libarch.a(arm_releasestack.o)
                0x000000000800248c                up_release_stack
 .text.up_stack_frame
                0x00000000080024b0       0x36 NuttX/nuttx/arch/arm/src/libarch.a(arm_stackframe.o)
                0x00000000080024b0                up_stack_frame
 .text.arm_switchcontext
                0x00000000080024e6       0x10 NuttX/nuttx/arch/arm/src/libarch.a(arm_switchcontext.o)
                0x00000000080024e6                arm_switchcontext
 *fill*         0x00000000080024f6        0x2 ffecc2925d7d05c5
 .text.up_unblock_task
                0x00000000080024f8       0x3c NuttX/nuttx/arch/arm/src/libarch.a(arm_unblocktask.o)
                0x00000000080024f8                up_unblock_task
 .text.up_use_stack
                0x0000000008002534       0x2e NuttX/nuttx/arch/arm/src/libarch.a(arm_usestack.o)
                0x0000000008002534                up_use_stack
 *fill*         0x0000000008002562        0x2 ffecc2925d7d05c5
 .text.arm_stack_color
                0x0000000008002564       0x40 NuttX/nuttx/arch/arm/src/libarch.a(arm_checkstack.o)
                0x0000000008002564                arm_stack_color
 .text.up_idle  0x00000000080025a4        0x2 NuttX/nuttx/arch/arm/src/libarch.a(arm_idle.o)
                0x00000000080025a4                up_idle
 *fill*         0x00000000080025a6        0x2 ffecc2925d7d05c5
 .text.up_initial_state
                0x00000000080025a8       0x78 NuttX/nuttx/arch/arm/src/libarch.a(arm_initialstate.o)
                0x00000000080025a8                up_initial_state
 .text.up_schedule_sigaction
                0x0000000008002620       0x84 NuttX/nuttx/arch/arm/src/libarch.a(arm_schedulesigaction.o)
                0x0000000008002620                up_schedule_sigaction
 .text.arm_sigdeliver
                0x00000000080026a4       0x3c NuttX/nuttx/arch/arm/src/libarch.a(arm_sigdeliver.o)
                0x00000000080026a4                arm_sigdeliver
 .text.up_setusartint
                0x00000000080026e0       0x28 NuttX/nuttx/arch/arm/src/libarch.a(stm32_serial.o)
 .text.up_restoreusartint
                0x0000000008002708       0x24 NuttX/nuttx/arch/arm/src/libarch.a(stm32_serial.o)
 .text.up_set_format
                0x000000000800272c       0xe4 NuttX/nuttx/arch/arm/src/libarch.a(stm32_serial.o)
 .text.up_receive
                0x0000000008002810       0x1a NuttX/nuttx/arch/arm/src/libarch.a(stm32_serial.o)
 .text.up_rxint
                0x000000000800282a       0x3a NuttX/nuttx/arch/arm/src/libarch.a(stm32_serial.o)
 .text.up_rxavailable
                0x0000000008002864        0xc NuttX/nuttx/arch/arm/src/libarch.a(stm32_serial.o)
 .text.up_send  0x0000000008002870        0x8 NuttX/nuttx/arch/arm/src/libarch.a(stm32_serial.o)
 .text.up_txint
                0x0000000008002878       0x3c NuttX/nuttx/arch/arm/src/libarch.a(stm32_serial.o)
 .text.up_txready
                0x00000000080028b4        0xc NuttX/nuttx/arch/arm/src/libarch.a(stm32_serial.o)
 .text.up_ioctl
                0x00000000080028c0       0xc0 NuttX/nuttx/arch/arm/src/libarch.a(stm32_serial.o)
 .text.up_detach
                0x0000000008002980       0x1c NuttX/nuttx/arch/arm/src/libarch.a(stm32_serial.o)
 .text.up_attach
                0x000000000800299c       0x24 NuttX/nuttx/arch/arm/src/libarch.a(stm32_serial.o)
 .text.up_rxflowcontrol
                0x00000000080029c0       0x20 NuttX/nuttx/arch/arm/src/libarch.a(stm32_serial.o)
 .text.up_interrupt
                0x00000000080029e0       0x46 NuttX/nuttx/arch/arm/src/libarch.a(stm32_serial.o)
 *fill*         0x0000000008002a26        0x2 ffecc2925d7d05c5
 .text.up_setup
                0x0000000008002a28       0x94 NuttX/nuttx/arch/arm/src/libarch.a(stm32_serial.o)
 .text.up_shutdown
                0x0000000008002abc       0x70 NuttX/nuttx/arch/arm/src/libarch.a(stm32_serial.o)
 .text.arm_serialinit
                0x0000000008002b2c       0x38 NuttX/nuttx/arch/arm/src/libarch.a(stm32_serial.o)
                0x0000000008002b2c                arm_serialinit
 .text.up_putc  0x0000000008002b64        0x2 NuttX/nuttx/arch/arm/src/libarch.a(stm32_serial.o)
                0x0000000008002b64                up_putc
 .text.stm32_req_complete
                0x0000000008002b66       0x3c NuttX/nuttx/arch/arm/src/libarch.a(stm32_otgdev.o)
 .text.stm32_req_dispatch
                0x0000000008002ba2       0x32 NuttX/nuttx/arch/arm/src/libarch.a(stm32_otgdev.o)
 .text.stm32_epout_configure
                0x0000000008002bd4       0x68 NuttX/nuttx/arch/arm/src/libarch.a(stm32_otgdev.o)
 .text.stm32_epin_configure
                0x0000000008002c3c       0x60 NuttX/nuttx/arch/arm/src/libarch.a(stm32_otgdev.o)
 .text.stm32_ep_configure
                0x0000000008002c9c       0x1c NuttX/nuttx/arch/arm/src/libarch.a(stm32_otgdev.o)
 .text.stm32_ep_clrstall
                0x0000000008002cb8       0x38 NuttX/nuttx/arch/arm/src/libarch.a(stm32_otgdev.o)
 .text.stm32_ep_alloc
                0x0000000008002cf0       0x70 NuttX/nuttx/arch/arm/src/libarch.a(stm32_otgdev.o)
 .text.stm32_ep_free
                0x0000000008002d60       0x38 NuttX/nuttx/arch/arm/src/libarch.a(stm32_otgdev.o)
 .text.stm32_getframe
                0x0000000008002d98       0x10 NuttX/nuttx/arch/arm/src/libarch.a(stm32_otgdev.o)
 .text.stm32_selfpowered
                0x0000000008002da8        0xc NuttX/nuttx/arch/arm/src/libarch.a(stm32_otgdev.o)
 .text.stm32_pullup
                0x0000000008002db4       0x38 NuttX/nuttx/arch/arm/src/libarch.a(stm32_otgdev.o)
 .text.stm32_txfifo_flush
                0x0000000008002dec       0x28 NuttX/nuttx/arch/arm/src/libarch.a(stm32_otgdev.o)
 .text.stm32_rxfifo_flush
                0x0000000008002e14       0x28 NuttX/nuttx/arch/arm/src/libarch.a(stm32_otgdev.o)
 .text.stm32_req_cancel
                0x0000000008002e3c       0x2e NuttX/nuttx/arch/arm/src/libarch.a(stm32_otgdev.o)
 .text.stm32_ep_cancel
                0x0000000008002e6a       0x2a NuttX/nuttx/arch/arm/src/libarch.a(stm32_otgdev.o)
 .text.stm32_ep_freereq
                0x0000000008002e94        0x6 NuttX/nuttx/arch/arm/src/libarch.a(stm32_otgdev.o)
 .text.stm32_ep_allocreq
                0x0000000008002e9a       0x18 NuttX/nuttx/arch/arm/src/libarch.a(stm32_otgdev.o)
 *fill*         0x0000000008002eb2        0x2 ffecc2925d7d05c5
 .text.stm32_wakeup
                0x0000000008002eb4       0x50 NuttX/nuttx/arch/arm/src/libarch.a(stm32_otgdev.o)
 .text.stm32_ep0out_ctrlsetup.isra.0
                0x0000000008002f04       0x24 NuttX/nuttx/arch/arm/src/libarch.a(stm32_otgdev.o)
 .text.stm32_epin_transfer
                0x0000000008002f28       0x94 NuttX/nuttx/arch/arm/src/libarch.a(stm32_otgdev.o)
 .text.stm32_epin_request
                0x0000000008002fbc       0xd8 NuttX/nuttx/arch/arm/src/libarch.a(stm32_otgdev.o)
 .text.stm32_rxfifo_read.isra.0
                0x0000000008003094       0x38 NuttX/nuttx/arch/arm/src/libarch.a(stm32_otgdev.o)
 .text.stm32_rxfifo_discard.isra.0
                0x00000000080030cc       0x1c NuttX/nuttx/arch/arm/src/libarch.a(stm32_otgdev.o)
 .text.stm32_epout_request.part.0
                0x00000000080030e8       0x80 NuttX/nuttx/arch/arm/src/libarch.a(stm32_otgdev.o)
 .text.stm32_ep_submit
                0x0000000008003168       0x70 NuttX/nuttx/arch/arm/src/libarch.a(stm32_otgdev.o)
 .text.stm32_enablegonak.isra.0
                0x00000000080031d8       0x18 NuttX/nuttx/arch/arm/src/libarch.a(stm32_otgdev.o)
 .text.stm32_ep_disable
                0x00000000080031f0       0xf4 NuttX/nuttx/arch/arm/src/libarch.a(stm32_otgdev.o)
 .text.stm32_ep0in_transmitzlp
                0x00000000080032e4       0x20 NuttX/nuttx/arch/arm/src/libarch.a(stm32_otgdev.o)
 .text.stm32_epout_setstall
                0x0000000008003304       0x40 NuttX/nuttx/arch/arm/src/libarch.a(stm32_otgdev.o)
 .text.stm32_ep_setstall
                0x0000000008003344       0x2c NuttX/nuttx/arch/arm/src/libarch.a(stm32_otgdev.o)
 .text.stm32_ep_stall
                0x0000000008003370       0x2c NuttX/nuttx/arch/arm/src/libarch.a(stm32_otgdev.o)
 .text.stm32_epout_complete.constprop.0
                0x000000000800339c       0x34 NuttX/nuttx/arch/arm/src/libarch.a(stm32_otgdev.o)
 .text.stm32_usbreset.constprop.0
                0x00000000080033d0       0xf0 NuttX/nuttx/arch/arm/src/libarch.a(stm32_otgdev.o)
 .text.stm32_ep0out_setup.part.0
                0x00000000080034c0      0x354 NuttX/nuttx/arch/arm/src/libarch.a(stm32_otgdev.o)
 .text.stm32_usbinterrupt
                0x0000000008003814      0x448 NuttX/nuttx/arch/arm/src/libarch.a(stm32_otgdev.o)
 .text.usbdev_register
                0x0000000008003c5c       0x34 NuttX/nuttx/arch/arm/src/libarch.a(stm32_otgdev.o)
                0x0000000008003c5c                usbdev_register
 .text.usbdev_unregister
                0x0000000008003c90       0x64 NuttX/nuttx/arch/arm/src/libarch.a(stm32_otgdev.o)
                0x0000000008003c90                usbdev_unregister
 .text.arm_usbuninitialize
                0x0000000008003cf4       0xb0 NuttX/nuttx/arch/arm/src/libarch.a(stm32_otgdev.o)
                0x0000000008003cf4                arm_usbuninitialize
 .text.arm_usbinitialize
                0x0000000008003da4      0x2b4 NuttX/nuttx/arch/arm/src/libarch.a(stm32_otgdev.o)
                0x0000000008003da4                arm_usbinitialize
 .text.up_mdelay
                0x0000000008004058       0x30 NuttX/nuttx/arch/arm/src/libarch.a(arm_mdelay.o)
                0x0000000008004058                up_mdelay
 .text.umm_initialize
                0x0000000008004088       0x1c NuttX/nuttx/mm/libmm.a(umm_initialize.o)
                0x0000000008004088                umm_initialize
 .text.free     0x00000000080040a4       0x10 NuttX/nuttx/mm/libmm.a(umm_free.o)
                0x00000000080040a4                free
 .text.malloc   0x00000000080040b4       0x10 NuttX/nuttx/mm/libmm.a(umm_malloc.o)
                0x00000000080040b4                malloc
 .text.zalloc   0x00000000080040c4       0x10 NuttX/nuttx/mm/libmm.a(umm_zalloc.o)
                0x00000000080040c4                zalloc
 .text.mm_addregion
                0x00000000080040d4       0x64 NuttX/nuttx/mm/libmm.a(mm_initialize.o)
                0x00000000080040d4                mm_addregion
 .text.mm_initialize
                0x0000000008004138       0x52 NuttX/nuttx/mm/libmm.a(mm_initialize.o)
                0x0000000008004138                mm_initialize
 .text.mm_seminitialize
                0x000000000800418a        0x8 NuttX/nuttx/mm/libmm.a(mm_sem.o)
                0x000000000800418a                mm_seminitialize
 *fill*         0x0000000008004192        0x2 ffecc2925d7d05c5
 .text.mm_takesemaphore
                0x0000000008004194       0x48 NuttX/nuttx/mm/libmm.a(mm_sem.o)
                0x0000000008004194                mm_takesemaphore
 .text.mm_givesemaphore
                0x00000000080041dc       0x10 NuttX/nuttx/mm/libmm.a(mm_sem.o)
                0x00000000080041dc                mm_givesemaphore
 .text.mm_addfreechunk
                0x00000000080041ec       0x36 NuttX/nuttx/mm/libmm.a(mm_addfreechunk.o)
                0x00000000080041ec                mm_addfreechunk
 .text.mm_size2ndx
                0x0000000008004222       0x1a NuttX/nuttx/mm/libmm.a(mm_size2ndx.o)
                0x0000000008004222                mm_size2ndx
 .text.mm_free  0x000000000800423c       0xb8 NuttX/nuttx/mm/libmm.a(mm_free.o)
                0x000000000800423c                mm_free
 .text.mm_malloc
                0x00000000080042f4       0xbc NuttX/nuttx/mm/libmm.a(mm_malloc.o)
                0x00000000080042f4                mm_malloc
 .text.mm_zalloc
                0x00000000080043b0       0x1a NuttX/nuttx/mm/libmm.a(mm_zalloc.o)
                0x00000000080043b0                mm_zalloc
 *fill*         0x00000000080043ca        0x2 ffecc2925d7d05c5
 .text.__errno  0x00000000080043cc       0x14 NuttX/nuttx/libs/libc/libc.a(lib_errno.o)
                0x00000000080043cc                __errno
 .text.sq_addlast
                0x00000000080043e0       0x14 NuttX/nuttx/libs/libc/libc.a(sq_addlast.o)
                0x00000000080043e0                sq_addlast
 .text.sq_rem   0x00000000080043f4       0x2c NuttX/nuttx/libs/libc/libc.a(sq_rem.o)
                0x00000000080043f4                sq_rem
 .text.sq_remfirst
                0x0000000008004420       0x14 NuttX/nuttx/libs/libc/libc.a(sq_remfirst.o)
                0x0000000008004420                sq_remfirst
 .text.sq_remafter
                0x0000000008004434       0x20 NuttX/nuttx/libs/libc/libc.a(sq_remafter.o)
                0x0000000008004434                sq_remafter
 .text.dq_addlast
                0x0000000008004454       0x16 NuttX/nuttx/libs/libc/libc.a(dq_addlast.o)
                0x0000000008004454                dq_addlast
 .text.dq_addfirst
                0x000000000800446a       0x16 NuttX/nuttx/libs/libc/libc.a(dq_addfirst.o)
                0x000000000800446a                dq_addfirst
 .text.dq_rem   0x0000000008004480       0x1c NuttX/nuttx/libs/libc/libc.a(dq_rem.o)
                0x0000000008004480                dq_rem
 .text.nxtask_startup
                0x000000000800449c       0x16 NuttX/nuttx/libs/libc/libc.a(task_startup.o)
                0x000000000800449c                nxtask_startup
 .text.nxsem_init
                0x00000000080044b2       0x16 NuttX/nuttx/libs/libc/libc.a(sem_init.o)
                0x00000000080044b2                nxsem_init
 .text.sem_init
                0x00000000080044c8       0x20 NuttX/nuttx/libs/libc/libc.a(sem_init.o)
                0x00000000080044c8                sem_init
 .text.nxsem_get_value
                0x00000000080044e8       0x14 NuttX/nuttx/libs/libc/libc.a(sem_getvalue.o)
                0x00000000080044e8                nxsem_get_value
 .text.sem_getvalue
                0x00000000080044fc       0x1a NuttX/nuttx/libs/libc/libc.a(sem_getvalue.o)
                0x00000000080044fc                sem_getvalue
 .text.nxsig_addset
                0x0000000008004516       0x1a NuttX/nuttx/libs/libc/libc.a(sig_addset.o)
                0x0000000008004516                nxsig_addset
 .text.nxsig_delset
                0x0000000008004530       0x1a NuttX/nuttx/libs/libc/libc.a(sig_delset.o)
                0x0000000008004530                nxsig_delset
 .text.sigemptyset
                0x000000000800454a        0x8 NuttX/nuttx/libs/libc/libc.a(sig_emptyset.o)
                0x000000000800454a                sigemptyset
 .text.nxsig_ismember
                0x0000000008004552       0x14 NuttX/nuttx/libs/libc/libc.a(sig_ismember.o)
                0x0000000008004552                nxsig_ismember
 .text.printf   0x0000000008004566       0x26 NuttX/nuttx/libs/libc/libc.a(lib_printf.o)
                0x0000000008004566                printf
 .text.lib_flushall
                0x000000000800458c       0x58 NuttX/nuttx/libs/libc/libc.a(lib_libflushall.o)
                0x000000000800458c                lib_flushall
 .text.lib_fflush
                0x00000000080045e4       0x90 NuttX/nuttx/libs/libc/libc.a(lib_libfflush.o)
                0x00000000080045e4                lib_fflush
 .text.vfprintf
                0x0000000008004674       0x30 NuttX/nuttx/libs/libc/libc.a(lib_vfprintf.o)
                0x0000000008004674                vfprintf
 .text.nxmutex_destroy
                0x00000000080046a4       0x14 NuttX/nuttx/libs/libc/libc.a(lib_libstream.o)
 .text.lib_stream_initialize
                0x00000000080046b8       0x3e NuttX/nuttx/libs/libc/libc.a(lib_libstream.o)
                0x00000000080046b8                lib_stream_initialize
 .text.lib_stream_release
                0x00000000080046f6       0x50 NuttX/nuttx/libs/libc/libc.a(lib_libstream.o)
                0x00000000080046f6                lib_stream_release
 .text.lib_stream_semtake
                0x0000000008004746       0x10 NuttX/nuttx/libs/libc/libc.a(lib_libstream.o)
                0x0000000008004746                lib_stream_semtake
 .text.lib_stream_semgive
                0x0000000008004756        0x4 NuttX/nuttx/libs/libc/libc.a(lib_libstream.o)
                0x0000000008004756                lib_stream_semgive
 .text.lib_sem_initialize
                0x000000000800475a       0x22 NuttX/nuttx/libs/libc/libc.a(lib_libfilesem.o)
                0x000000000800475a                lib_sem_initialize
 .text.lib_take_semaphore
                0x000000000800477c       0x3e NuttX/nuttx/libs/libc/libc.a(lib_libfilesem.o)
                0x000000000800477c                lib_take_semaphore
 .text.lib_give_semaphore
                0x00000000080047ba       0x32 NuttX/nuttx/libs/libc/libc.a(lib_libfilesem.o)
                0x00000000080047ba                lib_give_semaphore
 .text.stdoutstream_flush
                0x00000000080047ec        0x8 NuttX/nuttx/libs/libc/libc.a(lib_stdoutstream.o)
 .text.stdoutstream_putc
                0x00000000080047f4       0x26 NuttX/nuttx/libs/libc/libc.a(lib_stdoutstream.o)
 *fill*         0x000000000800481a        0x2 ffecc2925d7d05c5
 .text.lib_stdoutstream
                0x000000000800481c       0x34 NuttX/nuttx/libs/libc/libc.a(lib_stdoutstream.o)
                0x000000000800481c                lib_stdoutstream
 .text.memset   0x0000000008004850       0x8e NuttX/nuttx/libs/libc/libc.a(lib_memset.o)
                0x0000000008004850                memset
 .text.strcpy   0x00000000080048de       0x10 NuttX/nuttx/libs/libc/libc.a(lib_strcpy.o)
                0x00000000080048de                strcpy
 .text.strlcpy  0x00000000080048ee       0x38 NuttX/nuttx/libs/libc/libc.a(lib_strlcpy.o)
                0x00000000080048ee                strlcpy
 .text.strlen   0x0000000008004926       0x10 NuttX/nuttx/libs/libc/libc.a(lib_strlen.o)
                0x0000000008004926                strlen
 .text.strncpy  0x0000000008004936       0x24 NuttX/nuttx/libs/libc/libc.a(lib_strncpy.o)
                0x0000000008004936                strncpy
 *fill*         0x000000000800495a        0x2 ffecc2925d7d05c5
 .text.cfsetspeed
                0x000000000800495c       0x40 NuttX/nuttx/libs/libc/libc.a(lib_cfspeed.o)
                0x000000000800495c                cfsetspeed
 .text.cfgetspeed
                0x000000000800499c        0x4 NuttX/nuttx/libs/libc/libc.a(lib_cfspeed.o)
                0x000000000800499c                cfgetspeed
 .text.tls_get_info
                0x00000000080049a0       0x18 NuttX/nuttx/libs/libc/libc.a(tls_getinfo.o)
                0x00000000080049a0                tls_get_info
 .text.lib_cxx_initialize
                0x00000000080049b8       0x44 NuttX/nuttx/libs/libc/libc.a(lib_cxx_initialize.o)
                0x00000000080049b8                lib_cxx_initialize
 .text.lib_vsprintf
                0x00000000080049fc       0x14 NuttX/nuttx/libs/libc/libc.a(lib_libvsprintf.o)
                0x00000000080049fc                lib_vsprintf
 .text.vsprintf_internal.constprop.0
                0x0000000008004a10      0x830 NuttX/nuttx/libs/libc/libc.a(lib_libvsprintf.o)
 .text.__ultoa_invert
                0x0000000008005240       0x56 NuttX/nuttx/libs/libc/libc.a(lib_ultoa_invert.o)
                0x0000000008005240                __ultoa_invert
 *fill*         0x0000000008005296        0x2 ffecc2925d7d05c5
 .text.__dtoa_engine
                0x0000000008005298      0x1a4 NuttX/nuttx/libs/libc/libc.a(lib_dtoa_engine.o)
                0x0000000008005298                __dtoa_engine
 .text.fputc    0x000000000800543c       0x3e NuttX/nuttx/libs/libc/libc.a(lib_fputc.o)
                0x000000000800543c                fputc
 .text.lib_noflush
                0x000000000800547a        0x4 NuttX/nuttx/libs/libc/libc.a(lib_libnoflush.o)
                0x000000000800547a                lib_noflush
 .text.strnlen  0x000000000800547e       0x1a NuttX/nuttx/libs/libc/libc.a(lib_strnlen.o)
                0x000000000800547e                strnlen
 .text.lib_fwrite
                0x0000000008005498       0xf0 NuttX/nuttx/libs/libc/libc.a(lib_libfwrite.o)
                0x0000000008005498                lib_fwrite
 .text.lib_rdflush
                0x0000000008005588       0x5a NuttX/nuttx/libs/libc/libc.a(lib_rdflush.o)
                0x0000000008005588                lib_rdflush
 .text.fseek    0x00000000080055e2        0x4 NuttX/nuttx/libs/libc/libc.a(lib_fseek.o)
                0x00000000080055e2                fseek
 .text.fseeko   0x00000000080055e6       0x3c NuttX/nuttx/libs/libc/libc.a(lib_fseeko.o)
                0x00000000080055e6                fseeko
 .text.lib_wrflush
                0x0000000008005622       0x16 NuttX/nuttx/libs/libc/libc.a(lib_wrflush.o)
                0x0000000008005622                lib_wrflush
 .text.cinit    0x0000000008005638       0x12 platforms/nuttx/src/bootloader/common/libbootloader.a(bl.c.obj)
                0x0000000008005638                cinit
 .text.cfini    0x000000000800564a        0xe platforms/nuttx/src/bootloader/common/libbootloader.a(bl.c.obj)
                0x000000000800564a                cfini
 .text.cin      0x0000000008005658       0x48 platforms/nuttx/src/bootloader/common/libbootloader.a(bl.c.obj)
                0x0000000008005658                cin
 .text.cin_wait
                0x00000000080056a0       0x2c platforms/nuttx/src/bootloader/common/libbootloader.a(bl.c.obj)
 .text.wait_for_eoc
                0x00000000080056cc       0x10 platforms/nuttx/src/bootloader/common/libbootloader.a(bl.c.obj)
 .text.cout     0x00000000080056dc       0x2c platforms/nuttx/src/bootloader/common/libbootloader.a(bl.c.obj)
                0x00000000080056dc                cout
 .text.jump_to_app
                0x0000000008005708       0x58 platforms/nuttx/src/bootloader/common/libbootloader.a(bl.c.obj)
                0x0000000008005708                jump_to_app
 .text.sys_tick_handler
                0x0000000008005760       0x3c platforms/nuttx/src/bootloader/common/libbootloader.a(bl.c.obj)
                0x0000000008005760                sys_tick_handler
 .text.delay    0x000000000800579c       0x10 platforms/nuttx/src/bootloader/common/libbootloader.a(bl.c.obj)
                0x000000000800579c                delay
 .text.bootloader
                0x00000000080057ac      0x56c platforms/nuttx/src/bootloader/common/libbootloader.a(bl.c.obj)
                0x00000000080057ac                bootloader
 .text.usb_cinit
                0x0000000008005d18       0x54 platforms/nuttx/src/bootloader/common/lib/libbootloader_lib.a(cdcacm.c.obj)
                0x0000000008005d18                usb_cinit
 .text.usb_cfini
                0x0000000008005d6c       0x18 platforms/nuttx/src/bootloader/common/lib/libbootloader_lib.a(cdcacm.c.obj)
                0x0000000008005d6c                usb_cfini
 .text.usb_cin  0x0000000008005d84       0x4c platforms/nuttx/src/bootloader/common/lib/libbootloader_lib.a(cdcacm.c.obj)
                0x0000000008005d84                usb_cin
 .text.usb_cout
                0x0000000008005dd0       0x10 platforms/nuttx/src/bootloader/common/lib/libbootloader_lib.a(cdcacm.c.obj)
                0x0000000008005dd0                usb_cout
 .text.uart_cinit
                0x0000000008005de0       0x8c platforms/nuttx/src/bootloader/common/lib/libbootloader_lib.a(uart.c.obj)
                0x0000000008005de0                uart_cinit
 .text.uart_cfini
                0x0000000008005e6c       0x18 platforms/nuttx/src/bootloader/common/lib/libbootloader_lib.a(uart.c.obj)
                0x0000000008005e6c                uart_cfini
 .text.uart_cin
                0x0000000008005e84       0x2c platforms/nuttx/src/bootloader/common/lib/libbootloader_lib.a(uart.c.obj)
                0x0000000008005e84                uart_cin
 .text.uart_cout
                0x0000000008005eb0       0x34 platforms/nuttx/src/bootloader/common/lib/libbootloader_lib.a(uart.c.obj)
                0x0000000008005eb0                uart_cout
 .text.boardctl
                0x0000000008005ee4       0x72 NuttX/nuttx/boards/libboards.a(boardctl.o)
                0x0000000008005ee4                boardctl
 .text.drivers_initialize
                0x0000000008005f56        0xe NuttX/nuttx/drivers/libdrivers.a(drivers_initialize.o)
                0x0000000008005f56                drivers_initialize
 .text.devnull_read
                0x0000000008005f64        0x4 NuttX/nuttx/drivers/libdrivers.a(dev_null.o)
 .text.devnull_write
                0x0000000008005f68        0x4 NuttX/nuttx/drivers/libdrivers.a(dev_null.o)
 .text.devnull_poll
                0x0000000008005f6c       0x1c NuttX/nuttx/drivers/libdrivers.a(dev_null.o)
 .text.devnull_register
                0x0000000008005f88       0x18 NuttX/nuttx/drivers/libdrivers.a(dev_null.o)
                0x0000000008005f88                devnull_register
 .text.uart_putc
                0x0000000008005fa0       0x22 NuttX/nuttx/drivers/libdrivers.a(serial.o)
 .text.uart_putxmitchar
                0x0000000008005fc2       0xb0 NuttX/nuttx/drivers/libdrivers.a(serial.o)
 .text.uart_read
                0x0000000008006072      0x15e NuttX/nuttx/drivers/libdrivers.a(serial.o)
 .text.uart_open
                0x00000000080061d0       0x96 NuttX/nuttx/drivers/libdrivers.a(serial.o)
 .text.uart_pollnotify
                0x0000000008006266       0x3e NuttX/nuttx/drivers/libdrivers.a(serial.o)
 .text.uart_poll
                0x00000000080062a4       0xca NuttX/nuttx/drivers/libdrivers.a(serial.o)
 *fill*         0x000000000800636e        0x2 ffecc2925d7d05c5
 .text.uart_write
                0x0000000008006370      0x12c NuttX/nuttx/drivers/libdrivers.a(serial.o)
 .text.uart_tcdrain.isra.0
                0x000000000800649c       0xc0 NuttX/nuttx/drivers/libdrivers.a(serial.o)
 .text.uart_register
                0x000000000800655c       0x90 NuttX/nuttx/drivers/libdrivers.a(serial.o)
                0x000000000800655c                uart_register
 .text.uart_datareceived
                0x00000000080065ec       0x20 NuttX/nuttx/drivers/libdrivers.a(serial.o)
                0x00000000080065ec                uart_datareceived
 .text.uart_datasent
                0x000000000800660c       0x20 NuttX/nuttx/drivers/libdrivers.a(serial.o)
                0x000000000800660c                uart_datasent
 .text.uart_ioctl
                0x000000000800662c      0x1cc NuttX/nuttx/drivers/libdrivers.a(serial.o)
 .text.uart_connected
                0x00000000080067f8       0x50 NuttX/nuttx/drivers/libdrivers.a(serial.o)
                0x00000000080067f8                uart_connected
 .text.uart_reset_sem
                0x0000000008006848       0x38 NuttX/nuttx/drivers/libdrivers.a(serial.o)
                0x0000000008006848                uart_reset_sem
 .text.uart_close
                0x0000000008006880       0x80 NuttX/nuttx/drivers/libdrivers.a(serial.o)
 .text.uart_check_special
                0x0000000008006900       0x30 NuttX/nuttx/drivers/libdrivers.a(serial.o)
                0x0000000008006900                uart_check_special
 .text.uart_xmitchars
                0x0000000008006930       0x6c NuttX/nuttx/drivers/libdrivers.a(serial_io.o)
                0x0000000008006930                uart_xmitchars
 .text.uart_recvchars
                0x000000000800699c       0xa8 NuttX/nuttx/drivers/libdrivers.a(serial_io.o)
                0x000000000800699c                uart_recvchars
 .text.syslog_flush
                0x0000000008006a44       0x18 NuttX/nuttx/drivers/libdrivers.a(syslog_flush.o)
                0x0000000008006a44                syslog_flush
 .text.syslog_initialize
                0x0000000008006a5c        0x4 NuttX/nuttx/drivers/libdrivers.a(syslog_initialize.o)
                0x0000000008006a5c                syslog_initialize
 .text.cdcacm_requeue_rdrequest
                0x0000000008006a60       0x12 NuttX/nuttx/drivers/libdrivers.a(cdcacm.o)
 .text.cdcacm_ep0incomplete
                0x0000000008006a72        0x2 NuttX/nuttx/drivers/libdrivers.a(cdcacm.o)
 .text.cdcuart_setup
                0x0000000008006a74       0x12 NuttX/nuttx/drivers/libdrivers.a(cdcacm.o)
 .text.cdcuart_shutdown
                0x0000000008006a86        0x2 NuttX/nuttx/drivers/libdrivers.a(cdcacm.o)
 .text.cdcuart_attach
                0x0000000008006a88        0x4 NuttX/nuttx/drivers/libdrivers.a(cdcacm.o)
 .text.cdcuart_txempty
                0x0000000008006a8c       0x10 NuttX/nuttx/drivers/libdrivers.a(cdcacm.o)
 .text.cdcacm_allocreq
                0x0000000008006a9c       0x2e NuttX/nuttx/drivers/libdrivers.a(cdcacm.o)
 .text.cdcacm_resume
                0x0000000008006aca       0x10 NuttX/nuttx/drivers/libdrivers.a(cdcacm.o)
 .text.cdcacm_suspend
                0x0000000008006ada        0x8 NuttX/nuttx/drivers/libdrivers.a(cdcacm.o)
 .text.cdcacm_serialstate
                0x0000000008006ae2       0x7e NuttX/nuttx/drivers/libdrivers.a(cdcacm.o)
 .text.cdcacm_release_rxpending
                0x0000000008006b60      0x104 NuttX/nuttx/drivers/libdrivers.a(cdcacm.o)
 .text.cdcacm_rdcomplete
                0x0000000008006c64       0x56 NuttX/nuttx/drivers/libdrivers.a(cdcacm.o)
 .text.cdcacm_rxtimeout
                0x0000000008006cba        0x4 NuttX/nuttx/drivers/libdrivers.a(cdcacm.o)
 .text.cdcuart_rxflowcontrol
                0x0000000008006cbe       0x6c NuttX/nuttx/drivers/libdrivers.a(cdcacm.o)
 .text.cdcuart_rxint
                0x0000000008006d2a       0x3a NuttX/nuttx/drivers/libdrivers.a(cdcacm.o)
 .text.cdcacm_sndpacket
                0x0000000008006d64       0xfc NuttX/nuttx/drivers/libdrivers.a(cdcacm.o)
 .text.cdcacm_wrcomplete
                0x0000000008006e60       0x48 NuttX/nuttx/drivers/libdrivers.a(cdcacm.o)
 .text.cdcuart_txint
                0x0000000008006ea8       0x16 NuttX/nuttx/drivers/libdrivers.a(cdcacm.o)
 .text.cdcuart_ioctl
                0x0000000008006ebe      0x22a NuttX/nuttx/drivers/libdrivers.a(cdcacm.o)
 .text.cdcacm_freereq
                0x00000000080070e8       0x22 NuttX/nuttx/drivers/libdrivers.a(cdcacm.o)
 .text.cdcacm_resetconfig
                0x000000000800710a       0x32 NuttX/nuttx/drivers/libdrivers.a(cdcacm.o)
 .text.cdcacm_disconnect
                0x000000000800713c       0x48 NuttX/nuttx/drivers/libdrivers.a(cdcacm.o)
 .text.cdcacm_unbind
                0x0000000008007184       0xc2 NuttX/nuttx/drivers/libdrivers.a(cdcacm.o)
 *fill*         0x0000000008007246        0x2 ffecc2925d7d05c5
 .text.cdcacm_bind
                0x0000000008007248      0x124 NuttX/nuttx/drivers/libdrivers.a(cdcacm.o)
 .text.cdcacm_epconfigure.constprop.0
                0x000000000800736c       0x22 NuttX/nuttx/drivers/libdrivers.a(cdcacm.o)
 *fill*         0x000000000800738e        0x2 ffecc2925d7d05c5
 .text.cdcacm_setconfig
                0x0000000008007390       0xb4 NuttX/nuttx/drivers/libdrivers.a(cdcacm.o)
 .text.cdcacm_setup
                0x0000000008007444      0x1e4 NuttX/nuttx/drivers/libdrivers.a(cdcacm.o)
 .text.cdcuart_detach
                0x0000000008007628        0x2 NuttX/nuttx/drivers/libdrivers.a(cdcacm.o)
 *fill*         0x000000000800762a        0x2 ffecc2925d7d05c5
 .text.cdcacm_initialize
                0x000000000800762c      0x10c NuttX/nuttx/drivers/libdrivers.a(cdcacm.o)
                0x000000000800762c                cdcacm_initialize
 .text.cdcacm_uninitialize
                0x0000000008007738       0x38 NuttX/nuttx/drivers/libdrivers.a(cdcacm.o)
                0x0000000008007738                cdcacm_uninitialize
 .text.cdcacm_mkstrdesc
                0x0000000008007770       0x78 NuttX/nuttx/drivers/libdrivers.a(cdcacm_desc.o)
                0x0000000008007770                cdcacm_mkstrdesc
 .text.cdcacm_getdevdesc
                0x00000000080077e8        0x8 NuttX/nuttx/drivers/libdrivers.a(cdcacm_desc.o)
                0x00000000080077e8                cdcacm_getdevdesc
 .text.cdcacm_copy_epdesc
                0x00000000080077f0       0x6c NuttX/nuttx/drivers/libdrivers.a(cdcacm_desc.o)
                0x00000000080077f0                cdcacm_copy_epdesc
 .text.cdcacm_mkcfgdesc
                0x000000000800785c      0x122 NuttX/nuttx/drivers/libdrivers.a(cdcacm_desc.o)
                0x000000000800785c                cdcacm_mkcfgdesc
 .text.syslog_default_write
                0x000000000800797e       0x10 NuttX/nuttx/drivers/libdrivers.a(syslog_channel.o)
 .text.syslog_default_putc
                0x000000000800798e        0x6 NuttX/nuttx/drivers/libdrivers.a(syslog_channel.o)
 .text.fs_initialize
                0x0000000008007994        0x4 NuttX/nuttx/fs/libfs.a(fs_initialize.o)
                0x0000000008007994                fs_initialize
 .text.files_extend
                0x0000000008007998       0x5e NuttX/nuttx/fs/libfs.a(fs_files.o)
 .text.files_initlist
                0x00000000080079f6        0x8 NuttX/nuttx/fs/libfs.a(fs_files.o)
                0x00000000080079f6                files_initlist
 .text.files_releaselist
                0x00000000080079fe       0x3a NuttX/nuttx/fs/libfs.a(fs_files.o)
                0x00000000080079fe                files_releaselist
 .text.files_allocate
                0x0000000008007a38       0xfa NuttX/nuttx/fs/libfs.a(fs_files.o)
                0x0000000008007a38                files_allocate
 .text.fs_getfilep
                0x0000000008007b32       0x5c NuttX/nuttx/fs/libfs.a(fs_files.o)
                0x0000000008007b32                fs_getfilep
 .text.nx_close
                0x0000000008007b8e       0x74 NuttX/nuttx/fs/libfs.a(fs_files.o)
                0x0000000008007b8e                nx_close
 .text.close    0x0000000008007c02       0x1a NuttX/nuttx/fs/libfs.a(fs_files.o)
                0x0000000008007c02                close
 .text.inode_initialize
                0x0000000008007c1c        0x4 NuttX/nuttx/fs/libfs.a(fs_inode.o)
                0x0000000008007c1c                inode_initialize
 .text.inode_semtake
                0x0000000008007c20       0x48 NuttX/nuttx/fs/libfs.a(fs_inode.o)
                0x0000000008007c20                inode_semtake
 .text.inode_semgive
                0x0000000008007c68       0x34 NuttX/nuttx/fs/libfs.a(fs_inode.o)
                0x0000000008007c68                inode_semgive
 .text.inode_alloc.isra.0
                0x0000000008007c9c       0x3c NuttX/nuttx/fs/libfs.a(fs_inodereserve.o)
 .text.inode_root_reserve
                0x0000000008007cd8       0x18 NuttX/nuttx/fs/libfs.a(fs_inodereserve.o)
                0x0000000008007cd8                inode_root_reserve
 .text.inode_reserve
                0x0000000008007cf0       0xa4 NuttX/nuttx/fs/libfs.a(fs_inodereserve.o)
                0x0000000008007cf0                inode_reserve
 .text.inode_nextname
                0x0000000008007d94       0x1c NuttX/nuttx/fs/libfs.a(fs_inodesearch.o)
                0x0000000008007d94                inode_nextname
 .text.inode_search
                0x0000000008007db0       0xb8 NuttX/nuttx/fs/libfs.a(fs_inodesearch.o)
                0x0000000008007db0                inode_search
 .text.file_close
                0x0000000008007e68       0x2c NuttX/nuttx/fs/libfs.a(fs_close.o)
                0x0000000008007e68                file_close
 .text.file_seek
                0x0000000008007e94       0x40 NuttX/nuttx/fs/libfs.a(fs_lseek.o)
                0x0000000008007e94                file_seek
 .text.nx_seek  0x0000000008007ed4       0x1e NuttX/nuttx/fs/libfs.a(fs_lseek.o)
                0x0000000008007ed4                nx_seek
 .text.lseek    0x0000000008007ef2       0x1a NuttX/nuttx/fs/libfs.a(fs_lseek.o)
                0x0000000008007ef2                lseek
 .text.inode_checkflags
                0x0000000008007f0c       0x38 NuttX/nuttx/fs/libfs.a(fs_open.o)
                0x0000000008007f0c                inode_checkflags
 .text.file_vopen
                0x0000000008007f44       0xce NuttX/nuttx/fs/libfs.a(fs_open.o)
 .text.nx_vopen
                0x0000000008008012       0x40 NuttX/nuttx/fs/libfs.a(fs_open.o)
 .text.open     0x0000000008008052       0x2c NuttX/nuttx/fs/libfs.a(fs_open.o)
                0x0000000008008052                open
 .text.file_read
                0x000000000800807e       0x2a NuttX/nuttx/fs/libfs.a(fs_read.o)
                0x000000000800807e                file_read
 .text.nx_read  0x00000000080080a8       0x1e NuttX/nuttx/fs/libfs.a(fs_read.o)
                0x00000000080080a8                nx_read
 .text.read     0x00000000080080c6       0x1a NuttX/nuttx/fs/libfs.a(fs_read.o)
                0x00000000080080c6                read
 .text.file_write
                0x00000000080080e0       0x2a NuttX/nuttx/fs/libfs.a(fs_write.o)
                0x00000000080080e0                file_write
 .text.nx_write
                0x000000000800810a       0x26 NuttX/nuttx/fs/libfs.a(fs_write.o)
                0x000000000800810a                nx_write
 .text.write    0x0000000008008130       0x1a NuttX/nuttx/fs/libfs.a(fs_write.o)
                0x0000000008008130                write
 .text.dir_ioctl
                0x000000000800814a       0x1c NuttX/nuttx/fs/libfs.a(fs_dir.o)
 .text.dir_read
                0x0000000008008166       0xc2 NuttX/nuttx/fs/libfs.a(fs_dir.o)
 .text.dir_close
                0x0000000008008228       0x46 NuttX/nuttx/fs/libfs.a(fs_dir.o)
 .text.dir_seek
                0x000000000800826e       0xae NuttX/nuttx/fs/libfs.a(fs_dir.o)
 .text.dir_allocate
                0x000000000800831c       0x70 NuttX/nuttx/fs/libfs.a(fs_dir.o)
                0x000000000800831c                dir_allocate
 .text.dir_open
                0x000000000800838c        0x8 NuttX/nuttx/fs/libfs.a(fs_dir.o)
 .text.fs_fdopen
                0x0000000008008394       0xd2 NuttX/nuttx/fs/libfs.a(fs_fdopen.o)
                0x0000000008008394                fs_fdopen
 .text.register_driver
                0x0000000008008466       0x40 NuttX/nuttx/fs/libfs.a(fs_registerdriver.o)
                0x0000000008008466                register_driver
 .text.unregister_driver
                0x00000000080084a6       0x1c NuttX/nuttx/fs/libfs.a(fs_unregisterdriver.o)
                0x00000000080084a6                unregister_driver
 .text.inode_addref
                0x00000000080084c2       0x20 NuttX/nuttx/fs/libfs.a(fs_inodeaddref.o)
                0x00000000080084c2                inode_addref
 .text.inode_find
                0x00000000080084e2       0x26 NuttX/nuttx/fs/libfs.a(fs_inodefind.o)
                0x00000000080084e2                inode_find
 .text.inode_release
                0x0000000008008508       0x3c NuttX/nuttx/fs/libfs.a(fs_inoderelease.o)
                0x0000000008008508                inode_release
 .text.inode_unlink
                0x0000000008008544       0x4a NuttX/nuttx/fs/libfs.a(fs_inoderemove.o)
                0x0000000008008544                inode_unlink
 .text.inode_remove
                0x000000000800858e       0x2a NuttX/nuttx/fs/libfs.a(fs_inoderemove.o)
                0x000000000800858e                inode_remove
 .text.inode_free
                0x00000000080085b8       0x1e NuttX/nuttx/fs/libfs.a(fs_inodefree.o)
                0x00000000080085b8                inode_free
 .text.clock_initialize
                0x00000000080085d6        0x4 NuttX/nuttx/sched/libsched.a(clock_initialize.o)
                0x00000000080085d6                clock_initialize
 *fill*         0x00000000080085da        0x2 ffecc2925d7d05c5
 .text.clock_timer
                0x00000000080085dc       0x10 NuttX/nuttx/sched/libsched.a(clock_initialize.o)
                0x00000000080085dc                clock_timer
 .text.nxsched_get_files
                0x00000000080085ec       0x10 NuttX/nuttx/sched/libsched.a(sched_getfiles.o)
                0x00000000080085ec                nxsched_get_files
 .text.nxsched_add_readytorun
                0x00000000080085fc       0x48 NuttX/nuttx/sched/libsched.a(sched_addreadytorun.o)
                0x00000000080085fc                nxsched_add_readytorun
 .text.nxsched_remove_readytorun
                0x0000000008008644       0x28 NuttX/nuttx/sched/libsched.a(sched_removereadytorun.o)
                0x0000000008008644                nxsched_remove_readytorun
 .text.nxsched_merge_pending
                0x000000000800866c       0x58 NuttX/nuttx/sched/libsched.a(sched_mergepending.o)
                0x000000000800866c                nxsched_merge_pending
 .text.nxsched_get_streams
                0x00000000080086c4       0x10 NuttX/nuttx/sched/libsched.a(sched_getstreams.o)
                0x00000000080086c4                nxsched_get_streams
 .text.sched_idletask
                0x00000000080086d4       0x18 NuttX/nuttx/sched/libsched.a(sched_idletask.o)
                0x00000000080086d4                sched_idletask
 .text.nxsched_self
                0x00000000080086ec        0xc NuttX/nuttx/sched/libsched.a(sched_self.o)
                0x00000000080086ec                nxsched_self
 .text.nxsched_get_stackinfo
                0x00000000080086f8       0x44 NuttX/nuttx/sched/libsched.a(sched_get_stackinfo.o)
                0x00000000080086f8                nxsched_get_stackinfo
 .text.nxsem_wait
                0x000000000800873c       0x60 NuttX/nuttx/sched/libsched.a(sem_wait.o)
                0x000000000800873c                nxsem_wait
 .text.nxsem_wait_uninterruptible
                0x000000000800879c       0x10 NuttX/nuttx/sched/libsched.a(sem_wait.o)
                0x000000000800879c                nxsem_wait_uninterruptible
 .text.sem_wait
                0x00000000080087ac       0x1c NuttX/nuttx/sched/libsched.a(sem_wait.o)
                0x00000000080087ac                sem_wait
 .text.nxsem_post
                0x00000000080087c8       0x7c NuttX/nuttx/sched/libsched.a(sem_post.o)
                0x00000000080087c8                nxsem_post
 .text.sem_post
                0x0000000008008844       0x1a NuttX/nuttx/sched/libsched.a(sem_post.o)
                0x0000000008008844                sem_post
 .text.nxsem_reset
                0x000000000800885e       0x4e NuttX/nuttx/sched/libsched.a(sem_reset.o)
                0x000000000800885e                nxsem_reset
 .text.nxsig_kill
                0x00000000080088ac       0x42 NuttX/nuttx/sched/libsched.a(sig_kill.o)
                0x00000000080088ac                nxsig_kill
 *fill*         0x00000000080088ee        0x2 ffecc2925d7d05c5
 .text.nxsig_usleep
                0x00000000080088f0       0x2c NuttX/nuttx/sched/libsched.a(sig_usleep.o)
                0x00000000080088f0                nxsig_usleep
 .text.nxtask_exit
                0x000000000800891c       0x48 NuttX/nuttx/sched/libsched.a(task_exit.o)
                0x000000000800891c                nxtask_exit
 .text.getpid   0x0000000008008964       0x1c NuttX/nuttx/sched/libsched.a(task_getpid.o)
                0x0000000008008964                getpid
 .text.nxtask_terminate
                0x0000000008008980       0x5c NuttX/nuttx/sched/libsched.a(task_terminate.o)
                0x0000000008008980                nxtask_terminate
 .text.gettid   0x00000000080089dc       0x1c NuttX/nuttx/sched/libsched.a(task_gettid.o)
                0x00000000080089dc                gettid
 .text.wd_start
                0x00000000080089f8       0xb8 NuttX/nuttx/sched/libsched.a(wd_start.o)
                0x00000000080089f8                wd_start
 .text.wd_timer
                0x0000000008008ab0       0x40 NuttX/nuttx/sched/libsched.a(wd_start.o)
                0x0000000008008ab0                wd_timer
 .text.nxsig_nanosleep
                0x0000000008008af0       0x94 NuttX/nuttx/sched/libsched.a(sig_nanosleep.o)
                0x0000000008008af0                nxsig_nanosleep
 .text.nxsig_timeout
                0x0000000008008b84       0x1e NuttX/nuttx/sched/libsched.a(sig_timedwait.o)
 *fill*         0x0000000008008ba2        0x2 ffecc2925d7d05c5
 .text.nxsig_timedwait
                0x0000000008008ba4      0x100 NuttX/nuttx/sched/libsched.a(sig_timedwait.o)
                0x0000000008008ba4                nxsig_timedwait
 .text.stm32_timerisr
                0x0000000008008ca4        0xa NuttX/nuttx/arch/arm/src/libarch.a(stm32_timerisr.o)
 *fill*         0x0000000008008cae        0x2 ffecc2925d7d05c5
 .text.up_timer_initialize
                0x0000000008008cb0       0x34 NuttX/nuttx/arch/arm/src/libarch.a(stm32_timerisr.o)
                0x0000000008008cb0                up_timer_initialize
 .text.up_nputs
                0x0000000008008ce4       0x1c NuttX/nuttx/arch/arm/src/libarch.a(arm_nputs.o)
                0x0000000008008ce4                up_nputs
 .text.realloc  0x0000000008008d00       0x10 NuttX/nuttx/mm/libmm.a(umm_realloc.o)
                0x0000000008008d00                realloc
 .text.mm_realloc
                0x0000000008008d10      0x198 NuttX/nuttx/mm/libmm.a(mm_realloc.o)
                0x0000000008008d10                mm_realloc
 .text.mm_shrinkchunk
                0x0000000008008ea8       0x64 NuttX/nuttx/mm/libmm.a(mm_shrinkchunk.o)
                0x0000000008008ea8                mm_shrinkchunk
 .text.getumask
                0x0000000008008f0c        0xa NuttX/nuttx/libs/libc/libc.a(lib_umask.o)
                0x0000000008008f0c                getumask
 .text.sq_addfirst
                0x0000000008008f16        0xc NuttX/nuttx/libs/libc/libc.a(sq_addfirst.o)
                0x0000000008008f16                sq_addfirst
 .text.sq_addafter
                0x0000000008008f22       0x1c NuttX/nuttx/libs/libc/libc.a(sq_addafter.o)
                0x0000000008008f22                sq_addafter
 *fill*         0x0000000008008f3e        0x2 ffecc2925d7d05c5
 .text.clock_ticks2time
                0x0000000008008f40       0x1c NuttX/nuttx/libs/libc/libc.a(clock_ticks2time.o)
                0x0000000008008f40                clock_ticks2time
 .text.clock_time2ticks
                0x0000000008008f5c       0x38 NuttX/nuttx/libs/libc/libc.a(clock_time2ticks.o)
                0x0000000008008f5c                clock_time2ticks
 .text.nxsem_set_protocol
                0x0000000008008f94       0x14 NuttX/nuttx/libs/libc/libc.a(sem_setprotocol.o)
                0x0000000008008f94                nxsem_set_protocol
 .text.asprintf
                0x0000000008008fa8       0x1a NuttX/nuttx/libs/libc/libc.a(lib_asprintf.o)
                0x0000000008008fa8                asprintf
 .text.snprintf
                0x0000000008008fc2       0x30 NuttX/nuttx/libs/libc/libc.a(lib_snprintf.o)
                0x0000000008008fc2                snprintf
 .text.vasprintf
                0x0000000008008ff2       0x4c NuttX/nuttx/libs/libc/libc.a(lib_vasprintf.o)
                0x0000000008008ff2                vasprintf
 .text.atol     0x000000000800903e        0x8 NuttX/nuttx/libs/libc/libc.a(lib_atol.o)
                0x000000000800903e                atol
 .text.strtol   0x0000000008009046       0x74 NuttX/nuttx/libs/libc/libc.a(lib_strtol.o)
                0x0000000008009046                strtol
 .text.strtoul  0x00000000080090ba       0xba NuttX/nuttx/libs/libc/libc.a(lib_strtoul.o)
                0x00000000080090ba                strtoul
 .text.lib_checkbase
                0x0000000008009174       0x5c NuttX/nuttx/libs/libc/libc.a(lib_checkbase.o)
                0x0000000008009174                lib_checkbase
 .text.memoutstream_puts
                0x00000000080091d0       0x30 NuttX/nuttx/libs/libc/libc.a(lib_memoutstream.o)
 .text.memoutstream_putc
                0x0000000008009200       0x16 NuttX/nuttx/libs/libc/libc.a(lib_memoutstream.o)
 *fill*         0x0000000008009216        0x2 ffecc2925d7d05c5
 .text.lib_memoutstream
                0x0000000008009218       0x28 NuttX/nuttx/libs/libc/libc.a(lib_memoutstream.o)
                0x0000000008009218                lib_memoutstream
 .text.nulloutstream_putc
                0x0000000008009240        0x8 NuttX/nuttx/libs/libc/libc.a(lib_nulloutstream.o)
 .text.lib_nulloutstream
                0x0000000008009248       0x18 NuttX/nuttx/libs/libc/libc.a(lib_nulloutstream.o)
                0x0000000008009248                lib_nulloutstream
 .text.lib_isbasedigit
                0x0000000008009260       0x4c NuttX/nuttx/libs/libc/libc.a(lib_isbasedigit.o)
                0x0000000008009260                lib_isbasedigit
 .text.lib_skipspace
                0x00000000080092ac       0x18 NuttX/nuttx/libs/libc/libc.a(lib_skipspace.o)
                0x00000000080092ac                lib_skipspace
 .text.strdup   0x00000000080092c4       0x1e NuttX/nuttx/libs/libc/libc.a(lib_strdup.o)
                0x00000000080092c4                strdup
 *fill*         0x00000000080092e2        0x2 ffecc2925d7d05c5
 .text.strtok   0x00000000080092e4        0xc NuttX/nuttx/libs/libc/libc.a(lib_strtok.o)
                0x00000000080092e4                strtok
 .text.strtok_r
                0x00000000080092f0       0x4c NuttX/nuttx/libs/libc/libc.a(lib_strtokr.o)
                0x00000000080092f0                strtok_r
 .text.strchr   0x000000000800933c       0x14 NuttX/nuttx/libs/libc/libc.a(lib_strchr.o)
                0x000000000800933c                strchr
 .text.tcgetattr
                0x0000000008009350        0xa NuttX/nuttx/libs/libc/libc.a(lib_tcgetattr.o)
                0x0000000008009350                tcgetattr
 .text.tcsetattr
                0x000000000800935a       0x2a NuttX/nuttx/libs/libc/libc.a(lib_tcsetattr.o)
                0x000000000800935a                tcsetattr
 .text.task_get_info
                0x0000000008009384        0xa NuttX/nuttx/libs/libc/libc.a(task_getinfo.o)
                0x0000000008009384                task_get_info
 .text.isspace  0x000000000800938e       0x14 NuttX/nuttx/libs/libc/libc.a(lib_isspace.o)
                0x000000000800938e                isspace
 .text.tcflush  0x00000000080093a2        0xa NuttX/nuttx/libs/libc/libc.a(lib_tcflush.o)
                0x00000000080093a2                tcflush
 .text.tcdrain  0x00000000080093ac        0xa NuttX/nuttx/libs/libc/libc.a(lib_tcdrain.o)
                0x00000000080093ac                tcdrain
 .text.file_vioctl
                0x00000000080093b6       0xbe NuttX/nuttx/fs/libfs.a(fs_ioctl.o)
                0x00000000080093b6                file_vioctl
 .text.ioctl    0x0000000008009474       0x3c NuttX/nuttx/fs/libfs.a(fs_ioctl.o)
                0x0000000008009474                ioctl
 .text.inode_getpath
                0x00000000080094b0       0x48 NuttX/nuttx/fs/libfs.a(fs_inodegetpath.o)
                0x00000000080094b0                inode_getpath
 .text.nxsched_process_timer
                0x00000000080094f8       0x1c NuttX/nuttx/sched/libsched.a(sched_processtimer.o)
                0x00000000080094f8                nxsched_process_timer
 .text.strcat   0x0000000008009514       0x20 NuttX/nuttx/libs/libc/libc.a(lib_strcat.o)
                0x0000000008009514                strcat
 .text          0x0000000008009534       0xa0 /opt/gcc-arm-none-eabi-9-2020-q2-update/bin/../lib/gcc/arm-none-eabi/9.3.1/thumb/v7e-m+dp/hard/libgcc.a(_aeabi_ldivmod.o)
                0x0000000008009534                __aeabi_ldivmod
 .text          0x00000000080095d4       0x30 /opt/gcc-arm-none-eabi-9-2020-q2-update/bin/../lib/gcc/arm-none-eabi/9.3.1/thumb/v7e-m+dp/hard/libgcc.a(_aeabi_uldivmod.o)
                0x00000000080095d4                __aeabi_uldivmod
 *fill*         0x0000000008009604        0x4 ffecc2925d7d05c5
 .text          0x0000000008009608       0x40 /opt/gcc-arm-none-eabi-9-2020-q2-update/bin/../lib/gcc/arm-none-eabi/9.3.1/thumb/v7e-m+dp/hard/libgcc.a(_fixunsdfdi.o)
                0x0000000008009608                __aeabi_d2ulz
                0x0000000008009608                __fixunsdfdi
 .text          0x0000000008009648      0x2c4 /opt/gcc-arm-none-eabi-9-2020-q2-update/bin/../lib/gcc/arm-none-eabi/9.3.1/thumb/v7e-m+dp/hard/libgcc.a(_udivmoddi4.o)
                0x0000000008009648                __udivmoddi4
 .text          0x000000000800990c        0x4 /opt/gcc-arm-none-eabi-9-2020-q2-update/bin/../lib/gcc/arm-none-eabi/9.3.1/thumb/v7e-m+dp/hard/libgcc.a(_dvmd_tls.o)
                0x000000000800990c                __aeabi_ldiv0
                0x000000000800990c                __aeabi_idiv0
 .text.board_get_devices
                0x0000000008009910        0x4 platforms/nuttx/src/bootloader/stm/stm32h7/arch_bootloader/libarch_bootloader.a(main.c.obj)
                0x0000000008009910                board_get_devices
 .text.board_deinit
                0x0000000008009914       0x30 platforms/nuttx/src/bootloader/stm/stm32h7/arch_bootloader/libarch_bootloader.a(main.c.obj)
                0x0000000008009914                board_deinit
 .text.arch_systic_init
                0x0000000008009944       0x28 platforms/nuttx/src/bootloader/stm/stm32h7/arch_bootloader/libarch_bootloader.a(main.c.obj)
                0x0000000008009944                arch_systic_init
 .text.arch_systic_deinit
                0x000000000800996c       0x1a platforms/nuttx/src/bootloader/stm/stm32h7/arch_bootloader/libarch_bootloader.a(main.c.obj)
                0x000000000800996c                arch_systic_deinit
 *fill*         0x0000000008009986        0x2 ffecc2925d7d05c5
 .text.clock_deinit
                0x0000000008009988       0x44 platforms/nuttx/src/bootloader/stm/stm32h7/arch_bootloader/libarch_bootloader.a(main.c.obj)
                0x0000000008009988                clock_deinit
 .text.arch_flash_lock
                0x00000000080099cc       0x16 platforms/nuttx/src/bootloader/stm/stm32h7/arch_bootloader/libarch_bootloader.a(main.c.obj)
                0x00000000080099cc                arch_flash_lock
 .text.arch_flash_unlock
                0x00000000080099e2       0x1a platforms/nuttx/src/bootloader/stm/stm32h7/arch_bootloader/libarch_bootloader.a(main.c.obj)
                0x00000000080099e2                arch_flash_unlock
 .text.arch_flash_write
                0x00000000080099fc        0x4 platforms/nuttx/src/bootloader/stm/stm32h7/arch_bootloader/libarch_bootloader.a(main.c.obj)
                0x00000000080099fc                arch_flash_write
 .text.arch_setvtor
                0x0000000008009a00        0xc platforms/nuttx/src/bootloader/stm/stm32h7/arch_bootloader/libarch_bootloader.a(main.c.obj)
                0x0000000008009a00                arch_setvtor
 .text.flash_func_sector_size
                0x0000000008009a0c        0xc platforms/nuttx/src/bootloader/stm/stm32h7/arch_bootloader/libarch_bootloader.a(main.c.obj)
                0x0000000008009a0c                flash_func_sector_size
 .text.flash_func_erase_sector
                0x0000000008009a18       0x20 platforms/nuttx/src/bootloader/stm/stm32h7/arch_bootloader/libarch_bootloader.a(main.c.obj)
                0x0000000008009a18                flash_func_erase_sector
 .text.flash_func_write_word
                0x0000000008009a38        0xc platforms/nuttx/src/bootloader/stm/stm32h7/arch_bootloader/libarch_bootloader.a(main.c.obj)
                0x0000000008009a38                flash_func_write_word
 .text.flash_func_read_word
                0x0000000008009a44       0x14 platforms/nuttx/src/bootloader/stm/stm32h7/arch_bootloader/libarch_bootloader.a(main.c.obj)
                0x0000000008009a44                flash_func_read_word
 .text.flash_func_read_otp
                0x0000000008009a58        0x4 platforms/nuttx/src/bootloader/stm/stm32h7/arch_bootloader/libarch_bootloader.a(main.c.obj)
                0x0000000008009a58                flash_func_read_otp
 .text.get_mcu_id
                0x0000000008009a5c        0xc platforms/nuttx/src/bootloader/stm/stm32h7/arch_bootloader/libarch_bootloader.a(main.c.obj)
                0x0000000008009a5c                get_mcu_id
 .text.get_mcu_desc
                0x0000000008009a68       0x98 platforms/nuttx/src/bootloader/stm/stm32h7/arch_bootloader/libarch_bootloader.a(main.c.obj)
                0x0000000008009a68                get_mcu_desc
 .text.flash_func_read_sn
                0x0000000008009b00        0xc platforms/nuttx/src/bootloader/stm/stm32h7/arch_bootloader/libarch_bootloader.a(main.c.obj)
                0x0000000008009b00                flash_func_read_sn
 .text.led_on   0x0000000008009b0c       0x20 platforms/nuttx/src/bootloader/stm/stm32h7/arch_bootloader/libarch_bootloader.a(main.c.obj)
                0x0000000008009b0c                led_on
 .text.led_off  0x0000000008009b2c       0x20 platforms/nuttx/src/bootloader/stm/stm32h7/arch_bootloader/libarch_bootloader.a(main.c.obj)
                0x0000000008009b2c                led_off
 .text.led_toggle
                0x0000000008009b4c       0x3c platforms/nuttx/src/bootloader/stm/stm32h7/arch_bootloader/libarch_bootloader.a(main.c.obj)
                0x0000000008009b4c                led_toggle
 .text.arch_do_jump
                0x0000000008009b88        0xc platforms/nuttx/src/bootloader/stm/stm32h7/arch_bootloader/libarch_bootloader.a(main.c.obj)
                0x0000000008009b88                arch_do_jump
 .text.bootloader_main
                0x0000000008009b94      0x100 platforms/nuttx/src/bootloader/stm/stm32h7/arch_bootloader/libarch_bootloader.a(main.c.obj)
                0x0000000008009b94                bootloader_main
 .text.systick_set_reload
                0x0000000008009c94       0x18 platforms/nuttx/src/bootloader/stm/stm32h7/arch_bootloader/libarch_bootloader.a(systick.c.obj)
                0x0000000008009c94                systick_set_reload
 .text.systick_set_clocksource
                0x0000000008009cac       0x20 platforms/nuttx/src/bootloader/stm/stm32h7/arch_bootloader/libarch_bootloader.a(systick.c.obj)
                0x0000000008009cac                systick_set_clocksource
 .text.systick_counter_enable
                0x0000000008009ccc       0x10 platforms/nuttx/src/bootloader/stm/stm32h7/arch_bootloader/libarch_bootloader.a(systick.c.obj)
                0x0000000008009ccc                systick_counter_enable
 .text.systick_counter_disable
                0x0000000008009cdc       0x1c platforms/nuttx/src/bootloader/stm/stm32h7/arch_bootloader/libarch_bootloader.a(systick.c.obj)
                0x0000000008009cdc                systick_counter_disable
 .text.systick_interrupt_enable
                0x0000000008009cf8       0x10 platforms/nuttx/src/bootloader/stm/stm32h7/arch_bootloader/libarch_bootloader.a(systick.c.obj)
                0x0000000008009cf8                systick_interrupt_enable
 .text.systick_interrupt_disable
                0x0000000008009d08       0x10 platforms/nuttx/src/bootloader/stm/stm32h7/arch_bootloader/libarch_bootloader.a(systick.c.obj)
                0x0000000008009d08                systick_interrupt_disable
 .text.board_configure_reset
                0x0000000008009d18       0x40 platforms/nuttx/src/px4/stm/stm32h7/board_reset/libarch_board_reset.a(board_reset.cpp.obj)
                0x0000000008009d18                board_configure_reset
 .text.board_reset
                0x0000000008009d58       0x18 platforms/nuttx/src/px4/stm/stm32h7/board_reset/libarch_board_reset.a(board_reset.cpp.obj)
                0x0000000008009d58                board_reset
 .text.stm32h7_unlock_flash
                0x0000000008009d70       0x24 NuttX/nuttx/arch/arm/src/libarch.a(stm32_flash.o)
 .text.stm32h7_flash_bank
                0x0000000008009d94       0x2c NuttX/nuttx/arch/arm/src/libarch.a(stm32_flash.o)
 .text.stm32h7_flash_modifyreg32
                0x0000000008009dc0       0x14 NuttX/nuttx/arch/arm/src/libarch.a(stm32_flash.o)
 .text.stm32h7_lock_flash
                0x0000000008009dd4        0xa NuttX/nuttx/arch/arm/src/libarch.a(stm32_flash.o)
 *fill*         0x0000000008009dde        0x2 ffecc2925d7d05c5
 .text.stm32h7_wait_for_last_operation
                0x0000000008009de0       0x2c NuttX/nuttx/arch/arm/src/libarch.a(stm32_flash.o)
 .text.stm32h7_flash_unlock
                0x0000000008009e0c       0x26 NuttX/nuttx/arch/arm/src/libarch.a(stm32_flash.o)
                0x0000000008009e0c                stm32h7_flash_unlock
 .text.stm32h7_flash_lock
                0x0000000008009e32       0x28 NuttX/nuttx/arch/arm/src/libarch.a(stm32_flash.o)
                0x0000000008009e32                stm32h7_flash_lock
 .text.up_progmem_getaddress
                0x0000000008009e5a       0x26 NuttX/nuttx/arch/arm/src/libarch.a(stm32_flash.o)
                0x0000000008009e5a                up_progmem_getaddress
 .text.up_progmem_ispageerased
                0x0000000008009e80       0x2a NuttX/nuttx/arch/arm/src/libarch.a(stm32_flash.o)
                0x0000000008009e80                up_progmem_ispageerased
 .text.up_progmem_eraseblock
                0x0000000008009eaa       0xda NuttX/nuttx/arch/arm/src/libarch.a(stm32_flash.o)
                0x0000000008009eaa                up_progmem_eraseblock
 .text.up_progmem_write
                0x0000000008009f84      0x1a0 NuttX/nuttx/arch/arm/src/libarch.a(stm32_flash.o)
                0x0000000008009f84                up_progmem_write
 .text.up_systemreset
                0x000000000800a124       0x1c NuttX/nuttx/arch/arm/src/libarch.a(arm_systemreset.o)
                0x000000000800a124                up_systemreset
 .text.fcl_reset
                0x000000000800a140        0x8 platforms/nuttx/src/bootloader/common/lib/libbootloader_lib.a(flash_cache.c.obj)
 .text.fc_reset
                0x000000000800a148       0x20 platforms/nuttx/src/bootloader/common/lib/libbootloader_lib.a(flash_cache.c.obj)
                0x000000000800a148                fc_reset
 .text.fc_flush
                0x000000000800a168       0x16 platforms/nuttx/src/bootloader/common/lib/libbootloader_lib.a(flash_cache.c.obj)
                0x000000000800a168                fc_flush
 *fill*         0x000000000800a17e        0x2 ffecc2925d7d05c5
 .text.fc_write
                0x000000000800a180       0x80 platforms/nuttx/src/bootloader/common/lib/libbootloader_lib.a(flash_cache.c.obj)
                0x000000000800a180                fc_write
 .text.fc_read  0x000000000800a200       0x58 platforms/nuttx/src/bootloader/common/lib/libbootloader_lib.a(flash_cache.c.obj)
                0x000000000800a200                fc_read
 *(.fixup)
 *(.gnu.warning)
 *(.rodata .rodata.*)
 .rodata.g_idle_topstack
                0x000000000800a258        0x4 NuttX/nuttx/arch/arm/src/libarch.a(stm32_start.o)
                0x000000000800a258                g_idle_topstack
 .rodata.arm_hardfault.str1.1
                0x000000000800a25c       0x18 NuttX/nuttx/arch/arm/src/libarch.a(arm_hardfault.o)
 .rodata.g_idlename
                0x000000000800a274        0xa NuttX/nuttx/sched/libsched.a(nx_start.o)
 *fill*         0x000000000800a27e        0x2 ffecc2925d7d05c5
 .rodata.g_tasklisttable
                0x000000000800a280       0x40 NuttX/nuttx/sched/libsched.a(nx_start.o)
                0x000000000800a280                g_tasklisttable
 .rodata.nx_start_task.str1.1
                0x000000000800a2c0       0x10 NuttX/nuttx/sched/libsched.a(nx_bringup.o)
 .rodata.nx_bringup.str1.1
                0x000000000800a2d0        0xb NuttX/nuttx/sched/libsched.a(nx_bringup.o)
 .rodata.irq_unexpected_isr.str1.1
                0x000000000800a2db       0x18 NuttX/nuttx/sched/libsched.a(irq_unexpectedisr.o)
 .rodata.g_noname
                0x000000000800a2f3        0x9 NuttX/nuttx/sched/libsched.a(task_setup.o)
 .rodata.g_defactions
                0x000000000800a2fc       0x58 NuttX/nuttx/sched/libsched.a(sig_default.o)
 .rodata.sercon_main.str1.1
                0x000000000800a354       0xc8 NuttX/apps/libapps.a(cdcacm_main.c.home.patrick.Nxt-FC.PX4-Autopilot.platforms.nuttx.NuttX.apps.system.cdcacm.o)
 .rodata.g_gpiobase
                0x000000000800a41c       0x20 NuttX/nuttx/arch/arm/src/libarch.a(stm32_gpio.o)
                0x000000000800a41c                g_gpiobase
 .rodata.arm_serialinit.str1.1
                0x000000000800a43c        0xb NuttX/nuttx/arch/arm/src/libarch.a(stm32_serial.o)
 *fill*         0x000000000800a447        0x1 ffecc2925d7d05c5
 .rodata.g_uart_devs
                0x000000000800a448       0x20 NuttX/nuttx/arch/arm/src/libarch.a(stm32_serial.o)
 .rodata.g_uart_ops
                0x000000000800a468       0x34 NuttX/nuttx/arch/arm/src/libarch.a(stm32_serial.o)
 .rodata.g_devops
                0x000000000800a49c       0x1c NuttX/nuttx/arch/arm/src/libarch.a(stm32_otgdev.o)
 .rodata.g_epops
                0x000000000800a4b8       0x1c NuttX/nuttx/arch/arm/src/libarch.a(stm32_otgdev.o)
 .rodata.umm_initialize.str1.1
                0x000000000800a4d4        0x5 NuttX/nuttx/mm/libmm.a(umm_initialize.o)
 *fill*         0x000000000800a4d9        0x3 ffecc2925d7d05c5
 .rodata.g_baud_table
                0x000000000800a4dc       0xf8 NuttX/nuttx/libs/libc/libc.a(lib_cfspeed.o)
 .rodata.vsprintf_internal.constprop.0.str1.1
                0x000000000800a5d4        0x8 NuttX/nuttx/libs/libc/libc.a(lib_libvsprintf.o)
 .rodata.g_nullstring
                0x000000000800a5dc        0x7 NuttX/nuttx/libs/libc/libc.a(lib_libvsprintf.o)
 *fill*         0x000000000800a5e3        0x5 ffecc2925d7d05c5
 .rodata.g_dtoa_round
                0x000000000800a5e8       0x80 NuttX/nuttx/libs/libc/libc.a(lib_dtoa_data.o)
                0x000000000800a5e8                g_dtoa_round
 .rodata.g_dtoa_scale_down
                0x000000000800a668       0x48 NuttX/nuttx/libs/libc/libc.a(lib_dtoa_data.o)
                0x000000000800a668                g_dtoa_scale_down
 .rodata.g_dtoa_scale_up
                0x000000000800a6b0       0x48 NuttX/nuttx/libs/libc/libc.a(lib_dtoa_data.o)
                0x000000000800a6b0                g_dtoa_scale_up
 .rodata.get_version.str1.1
                0x000000000800a6f8       0x18 platforms/nuttx/src/bootloader/common/libbootloader.a(bl.c.obj)
 .rodata.bl_proto_rev
                0x000000000800a710        0x4 platforms/nuttx/src/bootloader/common/libbootloader.a(bl.c.obj)
 .rodata.usb_cinit.str1.1
                0x000000000800a714        0x2 platforms/nuttx/src/bootloader/common/lib/libbootloader_lib.a(cdcacm.c.obj)
                                          0x3 (size before relaxing)
 .rodata.uart_cinit.str1.1
                0x000000000800a716        0xb platforms/nuttx/src/bootloader/common/lib/libbootloader_lib.a(uart.c.obj)
                                          0xe (size before relaxing)
 .rodata.devnull_register.str1.1
                0x000000000800a721        0xa NuttX/nuttx/drivers/libdrivers.a(dev_null.o)
 *fill*         0x000000000800a72b        0x1 ffecc2925d7d05c5
 .rodata.devnull_fops
                0x000000000800a72c       0x20 NuttX/nuttx/drivers/libdrivers.a(dev_null.o)
 .rodata.g_serialops
                0x000000000800a74c       0x20 NuttX/nuttx/drivers/libdrivers.a(serial.o)
 .rodata.cdcacm_initialize.str1.1
                0x000000000800a76c        0xe NuttX/nuttx/drivers/libdrivers.a(cdcacm.o)
 *fill*         0x000000000800a77a        0x2 ffecc2925d7d05c5
 .rodata.g_driverops
                0x000000000800a77c       0x18 NuttX/nuttx/drivers/libdrivers.a(cdcacm.o)
 .rodata.g_uartops
                0x000000000800a794       0x34 NuttX/nuttx/drivers/libdrivers.a(cdcacm.o)
 .rodata.cdcacm_mkstrdesc.str1.1
                0x000000000800a7c8       0x1c NuttX/nuttx/drivers/libdrivers.a(cdcacm_desc.o)
                                         0x1e (size before relaxing)
 .rodata.g_devdesc
                0x000000000800a7e4       0x12 NuttX/nuttx/drivers/libdrivers.a(cdcacm_desc.o)
 *fill*         0x000000000800a7f6        0x2 ffecc2925d7d05c5
 .rodata.g_default_channel_ops
                0x000000000800a7f8       0x14 NuttX/nuttx/drivers/libdrivers.a(syslog_channel.o)
 .rodata.inode_root_reserve.str1.1
                0x000000000800a80c        0x1 NuttX/nuttx/fs/libfs.a(fs_inodereserve.o)
 .rodata.inode_search.str1.1
                0x000000000800a80c        0x6 NuttX/nuttx/fs/libfs.a(fs_inodesearch.o)
                                          0x7 (size before relaxing)
 *fill*         0x000000000800a812        0x2 ffecc2925d7d05c5
 .rodata.g_dir_fileops
                0x000000000800a814       0x20 NuttX/nuttx/fs/libfs.a(fs_dir.o)
 .rodata.inode_getpath.str1.1
                0x000000000800a834        0x2 NuttX/nuttx/fs/libfs.a(fs_inodegetpath.o)
 .rodata.bootloader_main.str1.1
                0x000000000800a836       0x1e platforms/nuttx/src/bootloader/stm/stm32h7/arch_bootloader/libarch_bootloader.a(main.c.obj)
 .rodata.str1.1
                0x000000000800a854       0x1b platforms/nuttx/src/bootloader/stm/stm32h7/arch_bootloader/libarch_bootloader.a(main.c.obj)
 *fill*         0x000000000800a86f        0x1 ffecc2925d7d05c5
 .rodata._ZL5modes
                0x000000000800a870       0x14 platforms/nuttx/src/px4/stm/stm32h7/board_reset/libarch_board_reset.a(board_reset.cpp.obj)
 *(.gnu.linkonce.t.*)
 *(.glue_7)
 .glue_7        0x000000000800a884        0x0 linker stubs
 *(.glue_7t)
 .glue_7t       0x000000000800a884        0x0 linker stubs
 *(.got)
 *(.gcc_except_table)
 *(.gnu.linkonce.r.*)
                0x000000000800a884                _etext = ABSOLUTE (.)

.vfp11_veneer   0x000000000800a884        0x0
 .vfp11_veneer  0x000000000800a884        0x0 linker stubs

.v4_bx          0x000000000800a884        0x0
 .v4_bx         0x000000000800a884        0x0 linker stubs

.iplt           0x000000000800a884        0x0
 .iplt          0x000000000800a884        0x0 NuttX/nuttx/arch/arm/src/libarch.a(arm_vectors.o)

.init_section   0x000000000800a884        0x0
                0x000000000800a884                _sinit = ABSOLUTE (.)
 *(.init_array .init_array.*)
                0x000000000800a884                _einit = ABSOLUTE (.)

.ARM.extab
 *(.ARM.extab*)
                0x000000000800a884                __exidx_start = ABSOLUTE (.)

.ARM.exidx      0x000000000800a884        0x8
 *(.ARM.exidx*)
 .ARM.exidx     0x000000000800a884        0x8 /opt/gcc-arm-none-eabi-9-2020-q2-update/bin/../lib/gcc/arm-none-eabi/9.3.1/thumb/v7e-m+dp/hard/libgcc.a(_udivmoddi4.o)
                0x000000000800a88c                __exidx_end = ABSOLUTE (.)
                0x000000000800a88c                _eronly = ABSOLUTE (.)

.rel.dyn        0x000000000800a88c        0x0
 .rel.iplt      0x000000000800a88c        0x0 NuttX/nuttx/arch/arm/src/libarch.a(arm_vectors.o)

.data           0x0000000024000000      0x104 load address 0x000000000800a88c
                0x0000000024000000                _sdata = ABSOLUTE (.)
 *(.data .data.*)
 .data.g_usart6priv
                0x0000000024000000       0x78 NuttX/nuttx/arch/arm/src/libarch.a(stm32_serial.o)
 .data.g_usb_df
                0x0000000024000078        0x4 platforms/nuttx/src/bootloader/common/lib/libbootloader_lib.a(cdcacm.c.obj)
                0x0000000024000078                g_usb_df
 .data.g_uart_df
                0x000000002400007c        0x4 platforms/nuttx/src/bootloader/common/lib/libbootloader_lib.a(uart.c.obj)
                0x000000002400007c                g_uart_df
 .data.g_default_channel
                0x0000000024000080        0x4 NuttX/nuttx/drivers/libdrivers.a(syslog_channel.o)
 .data.g_syslog_channel
                0x0000000024000084        0x4 NuttX/nuttx/drivers/libdrivers.a(syslog_channel.o)
                0x0000000024000084                g_syslog_channel
 .data.g_inode_lock
                0x0000000024000088        0xc NuttX/nuttx/fs/libfs.a(fs_inode.o)
 .data.g_dir_inode
                0x0000000024000094       0x1c NuttX/nuttx/fs/libfs.a(fs_dir.o)
 .data.board_info
                0x00000000240000b0       0x10 platforms/nuttx/src/bootloader/stm/stm32h7/arch_bootloader/libarch_bootloader.a(main.c.obj)
                0x00000000240000b0                board_info
 .data.mcu_descriptions
                0x00000000240000c0       0x18 platforms/nuttx/src/bootloader/stm/stm32h7/arch_bootloader/libarch_bootloader.a(main.c.obj)
                0x00000000240000c0                mcu_descriptions
 .data.g_divisor
                0x00000000240000d8        0x4 platforms/nuttx/src/bootloader/stm/stm32h7/arch_bootloader/libarch_bootloader.a(systick.c.obj)
                0x00000000240000d8                g_divisor
 .data.stm32h7_flash_bank1_priv
                0x00000000240000dc       0x14 NuttX/nuttx/arch/arm/src/libarch.a(stm32_flash.o)
 .data.stm32h7_flash_bank2_priv
                0x00000000240000f0       0x14 NuttX/nuttx/arch/arm/src/libarch.a(stm32_flash.o)
 *(.gnu.linkonce.d.*)
                0x0000000024000104                _edata = ABSOLUTE (.)
